"../../../Engine/Content/EditorResources/S_Actor.ubulk" 0
"../../../Engine/Content/EditorResources/S_Actor.uasset" 1
"../../../Engine/Content/EditorResources/S_Actor.uexp" 2
"../../../Engine/Content/EditorResources/S_BoxReflectionCapture.uasset" 3
"../../../Engine/Content/EditorResources/S_BoxReflectionCapture.uexp" 4
"../../../Engine/Content/EngineResources/DefaultTexture.ubulk" 5
"../../../Engine/Content/EngineResources/DefaultTexture.uasset" 6
"../../../Engine/Content/EngineResources/DefaultTexture.uexp" 7
"../../../Engine/Content/EngineResources/DefaultTextureCube.uasset" 8
"../../../Engine/Content/EngineResources/DefaultTextureCube.uexp" 9
"../../../Engine/Content/EngineResources/DefaultVolumeTexture2D.uasset" 10
"../../../Engine/Content/EngineResources/DefaultVolumeTexture2D.uexp" 11
"../../../Engine/Content/EngineResources/DefaultVolumeTexture.uasset" 12
"../../../Engine/Content/EngineResources/DefaultVolumeTexture.uexp" 13
"../../../Engine/Content/EditorResources/S_Trigger.ubulk" 14
"../../../Engine/Content/EditorResources/S_Trigger.uasset" 15
"../../../Engine/Content/EditorResources/S_Trigger.uexp" 16
"../../../Engine/Content/EditorResources/S_TriggerBox.uasset" 17
"../../../Engine/Content/EditorResources/S_TriggerBox.uexp" 18
"../../../Engine/Content/EditorResources/S_TriggerCapsule.uasset" 19
"../../../Engine/Content/EditorResources/S_TriggerCapsule.uexp" 20
"../../../Engine/Content/EditorResources/S_TriggerSphere.uasset" 21
"../../../Engine/Content/EditorResources/S_TriggerSphere.uexp" 22
"../../../Engine/Content/EngineMeshes/Sphere.ubulk" 23
"../../../Engine/Content/EngineMeshes/Sphere.uasset" 24
"../../../Engine/Content/EngineMeshes/Sphere.uexp" 25
"../../../Engine/Content/EngineResources/GradientTexture0.uasset" 26
"../../../Engine/Content/EngineResources/GradientTexture0.uexp" 27
"../../../Engine/Content/EngineResources/Black.uasset" 28
"../../../Engine/Content/EngineResources/Black.uexp" 29
"../../../Engine/Content/VREditor/LaserPointer/VR_LaserPower_01.ubulk" 30
"../../../Engine/Content/VREditor/LaserPointer/VR_LaserPower_01.uasset" 31
"../../../Engine/Content/VREditor/LaserPointer/VR_LaserPower_01.uexp" 32
"../../../Engine/Content/VREditor/TransformGizmo/TransformGizmoMaterial.uasset" 33
"../../../Engine/Content/VREditor/TransformGizmo/TransformGizmoMaterial.uexp" 34
"../../../Engine/Content/VREditor/TransformGizmo/TranslucentTransformGizmoMaterial.uasset" 35
"../../../Engine/Content/VREditor/TransformGizmo/TranslucentTransformGizmoMaterial.uexp" 36
"../../../Engine/Content/VREditor/TransformGizmo/PlaneTranslationHandle.ubulk" 37
"../../../Engine/Content/VREditor/TransformGizmo/PlaneTranslationHandle.uasset" 38
"../../../Engine/Content/VREditor/TransformGizmo/PlaneTranslationHandle.uexp" 39
"../../../Engine/Content/VREditor/TransformGizmo/BoundingBoxCorner.ubulk" 40
"../../../Engine/Content/VREditor/TransformGizmo/BoundingBoxCorner.uasset" 41
"../../../Engine/Content/VREditor/TransformGizmo/BoundingBoxCorner.uexp" 42
"../../../Engine/Content/VREditor/TransformGizmo/BoundingBoxEdge.ubulk" 43
"../../../Engine/Content/VREditor/TransformGizmo/BoundingBoxEdge.uasset" 44
"../../../Engine/Content/VREditor/TransformGizmo/BoundingBoxEdge.uexp" 45
"../../../Engine/Content/VREditor/TransformGizmo/Main.uasset" 46
"../../../Engine/Content/VREditor/TransformGizmo/Main.uexp" 47
"../../../Engine/Content/VREditor/TransformGizmo/Xray.uasset" 48
"../../../Engine/Content/VREditor/TransformGizmo/Xray.uexp" 49
"../../../Engine/Content/VREditor/TransformGizmo/SM_Sequencer_Node.ubulk" 50
"../../../Engine/Content/VREditor/TransformGizmo/SM_Sequencer_Node.uasset" 51
"../../../Engine/Content/VREditor/TransformGizmo/SM_Sequencer_Node.uexp" 52
"../../../Engine/Content/EditorMaterials/Camera/CineMat.uasset" 53
"../../../Engine/Content/EditorMaterials/Camera/CineMat.uexp" 54
"../../../Engine/Content/EditorMaterials/Camera/MI_CineMat_Rig.uasset" 55
"../../../Engine/Content/EditorMaterials/Camera/MI_CineMat_Rig.uexp" 56
"../../../Engine/Content/EditorMeshes/Camera/SM_CraneRig_Base.ubulk" 57
"../../../Engine/Content/EditorMeshes/Camera/SM_CraneRig_Base.uasset" 58
"../../../Engine/Content/EditorMeshes/Camera/SM_CraneRig_Base.uexp" 59
"../../../Engine/Content/EditorMeshes/Camera/SM_CraneRig_Arm.ubulk" 60
"../../../Engine/Content/EditorMeshes/Camera/SM_CraneRig_Arm.uasset" 61
"../../../Engine/Content/EditorMeshes/Camera/SM_CraneRig_Arm.uexp" 62
"../../../Engine/Content/EditorMeshes/Camera/SM_CraneRig_Mount.ubulk" 63
"../../../Engine/Content/EditorMeshes/Camera/SM_CraneRig_Mount.uasset" 64
"../../../Engine/Content/EditorMeshes/Camera/SM_CraneRig_Mount.uexp" 65
"../../../Engine/Content/EditorMeshes/Camera/SM_CraneRig_Body.ubulk" 66
"../../../Engine/Content/EditorMeshes/Camera/SM_CraneRig_Body.uasset" 67
"../../../Engine/Content/EditorMeshes/Camera/SM_CraneRig_Body.uexp" 68
"../../../Engine/Content/EditorMeshes/Camera/SM_RailRig_Track.ubulk" 69
"../../../Engine/Content/EditorMeshes/Camera/SM_RailRig_Track.uasset" 70
"../../../Engine/Content/EditorMeshes/Camera/SM_RailRig_Track.uexp" 71
"../../../Engine/Content/EditorMeshes/Camera/SM_RailRig_Mount.ubulk" 72
"../../../Engine/Content/EditorMeshes/Camera/SM_RailRig_Mount.uasset" 73
"../../../Engine/Content/EditorMeshes/Camera/SM_RailRig_Mount.uexp" 74
"../../../Engine/Content/EngineMaterials/T_Default_Material_Grid_M.ubulk" 75
"../../../Engine/Content/EngineMaterials/T_Default_Material_Grid_M.uasset" 76
"../../../Engine/Content/EngineMaterials/T_Default_Material_Grid_M.uexp" 77
"../../../Engine/Content/EngineMaterials/T_Default_Material_Grid_N.ubulk" 78
"../../../Engine/Content/EngineMaterials/T_Default_Material_Grid_N.uasset" 79
"../../../Engine/Content/EngineMaterials/T_Default_Material_Grid_N.uexp" 80
"../../../Engine/Content/Functions/Engine_MaterialFunctions01/Opacity/CameraDepthFade.uasset" 81
"../../../Engine/Content/Functions/Engine_MaterialFunctions01/Opacity/CameraDepthFade.uexp" 82
"../../../Engine/Content/EngineMaterials/WorldGridMaterial.uasset" 83
"../../../Engine/Content/EngineMaterials/WorldGridMaterial.uexp" 84
"../../../Engine/Content/ArtTools/RenderToTexture/Meshes/S_1_Unit_Plane.ubulk" 85
"../../../Engine/Content/ArtTools/RenderToTexture/Meshes/S_1_Unit_Plane.uasset" 86
"../../../Engine/Content/ArtTools/RenderToTexture/Meshes/S_1_Unit_Plane.uexp" 87
"../../../Engine/Content/EditorMaterials/ParticleSystems/PSysThumbnail_NoImage.ubulk" 88
"../../../Engine/Content/EditorMaterials/ParticleSystems/PSysThumbnail_NoImage.uasset" 89
"../../../Engine/Content/EditorMaterials/ParticleSystems/PSysThumbnail_NoImage.uexp" 90
"../../../Engine/Content/EditorMaterials/ParticleSystems/PSysThumbnail_OOD.ubulk" 91
"../../../Engine/Content/EditorMaterials/ParticleSystems/PSysThumbnail_OOD.uasset" 92
"../../../Engine/Content/EditorMaterials/ParticleSystems/PSysThumbnail_OOD.uexp" 93
"../../../Engine/Content/EditorLandscapeResources/SplineEditorMeshMat.uasset" 94
"../../../Engine/Content/EditorLandscapeResources/SplineEditorMeshMat.uexp" 95
"../../../Engine/Content/EditorLandscapeResources/SplineEditorMesh.ubulk" 96
"../../../Engine/Content/EditorLandscapeResources/SplineEditorMesh.uasset" 97
"../../../Engine/Content/EditorLandscapeResources/SplineEditorMesh.uexp" 98
"../../../Engine/Content/EditorMeshes/EditorSphere.ubulk" 99
"../../../Engine/Content/EditorMeshes/EditorSphere.uasset" 100
"../../../Engine/Content/EditorMeshes/EditorSphere.uexp" 101
"../../../Engine/Content/EditorResources/S_Solver.ubulk" 102
"../../../Engine/Content/EditorResources/S_Solver.uasset" 103
"../../../Engine/Content/EditorResources/S_Solver.uexp" 104
"../../../Engine/Plugins/Media/MediaPlate/Content/SM_MediaPlateScreen.ubulk" 105
"../../../Engine/Plugins/Media/MediaPlate/Content/SM_MediaPlateScreen.uasset" 106
"../../../Engine/Plugins/Media/MediaPlate/Content/SM_MediaPlateScreen.uexp" 107
"../../../Engine/Content/EngineMaterials/Good64x64TilingNoiseHighFreq.uasset" 108
"../../../Engine/Content/EngineMaterials/Good64x64TilingNoiseHighFreq.uexp" 109
"../../../Engine/Content/EngineMaterials/DefaultBokeh.uasset" 110
"../../../Engine/Content/EngineMaterials/DefaultBokeh.uexp" 111
"../../../Engine/Content/EngineMaterials/PreintegratedSkinBRDF.uasset" 112
"../../../Engine/Content/EngineMaterials/PreintegratedSkinBRDF.uexp" 113
"../../../Engine/Content/EngineMaterials/MiniFont.uasset" 114
"../../../Engine/Content/EngineMaterials/MiniFont.uexp" 115
"../../../Engine/Content/EngineMaterials/WeightMapPlaceholderTexture.uasset" 116
"../../../Engine/Content/EngineMaterials/WeightMapPlaceholderTexture.uexp" 117
"../../../Engine/Content/EngineMaterials/DefaultWhiteGrid.ubulk" 118
"../../../Engine/Content/EngineMaterials/DefaultWhiteGrid.uasset" 119
"../../../Engine/Content/EngineMaterials/DefaultWhiteGrid.uexp" 120
"../../../Engine/Content/Animation/DefaultRecorderBoneCompression.uasset" 121
"../../../Engine/Content/Animation/DefaultRecorderBoneCompression.uexp" 122
"../../../Engine/Content/Animation/DefaultAnimCurveCompressionSettings.uasset" 123
"../../../Engine/Content/Animation/DefaultAnimCurveCompressionSettings.uexp" 124
"../../../Engine/Content/Animation/DefaultAnimBoneCompressionSettings.uasset" 125
"../../../Engine/Content/Animation/DefaultAnimBoneCompressionSettings.uexp" 126
"../../../Engine/Content/EngineMaterials/DefaultMaterial.uasset" 127
"../../../Engine/Content/EngineMaterials/DefaultMaterial.uexp" 128
"../../../Engine/Content/BasicShapes/Sphere.ubulk" 129
"../../../Engine/Content/BasicShapes/Sphere.uasset" 130
"../../../Engine/Content/BasicShapes/Sphere.uexp" 131
"../../../Engine/Content/BasicShapes/Plane.ubulk" 132
"../../../Engine/Content/BasicShapes/Plane.uasset" 133
"../../../Engine/Content/BasicShapes/Plane.uexp" 134
"../../../Engine/Content/BasicShapes/Cylinder.ubulk" 135
"../../../Engine/Content/BasicShapes/Cylinder.uasset" 136
"../../../Engine/Content/BasicShapes/Cylinder.uexp" 137
"../../../Engine/Content/BasicShapes/Cone.ubulk" 138
"../../../Engine/Content/BasicShapes/Cone.uasset" 139
"../../../Engine/Content/BasicShapes/Cone.uexp" 140
"../../../Engine/Content/EditorResources/S_Terrain.ubulk" 141
"../../../Engine/Content/EditorResources/S_Terrain.uasset" 142
"../../../Engine/Content/EditorResources/S_Terrain.uexp" 143
"../../../Engine/Content/EditorResources/EmptyActor.uasset" 144
"../../../Engine/Content/EditorResources/EmptyActor.uexp" 145
"../../../Engine/Content/EditorResources/BSPVertex.uasset" 146
"../../../Engine/Content/EditorResources/BSPVertex.uexp" 147
"../../../Engine/Content/EditorResources/SequenceRecorder/RecordingIndicator.uasset" 148
"../../../Engine/Content/EditorResources/SequenceRecorder/RecordingIndicator.uexp" 149
"../../../Engine/Content/EditorResources/SequenceRecorder/Countdown.uasset" 150
"../../../Engine/Content/EditorResources/SequenceRecorder/Countdown.uexp" 151
"../../../Engine/Content/EditorLandscapeResources/DefaultAlphaTexture.uasset" 152
"../../../Engine/Content/EditorLandscapeResources/DefaultAlphaTexture.uexp" 153
"../../../Engine/Content/EditorLandscapeResources/DataLayer.uasset" 154
"../../../Engine/Content/EditorLandscapeResources/DataLayer.uexp" 155
"../../../Engine/Content/EditorMaterials/PreviewShadowIndicator.ubulk" 156
"../../../Engine/Content/EditorMaterials/PreviewShadowIndicator.uasset" 157
"../../../Engine/Content/EditorMaterials/PreviewShadowIndicator.uexp" 158
"../../../Engine/Content/EditorMaterials/PreviewShadowIndicatorMaterial.uasset" 159
"../../../Engine/Content/EditorMaterials/PreviewShadowIndicatorMaterial.uexp" 160
"../../../Engine/Content/EditorMaterials/PhAT_UnselectedMaterial.uasset" 161
"../../../Engine/Content/EditorMaterials/PhAT_UnselectedMaterial.uexp" 162
"../../../Engine/Content/EditorMaterials/PhAT_NoCollisionMaterial.uasset" 163
"../../../Engine/Content/EditorMaterials/PhAT_NoCollisionMaterial.uexp" 164
"../../../Engine/Content/Functions/Engine_MaterialFunctions02/Utility/MakeFloat4.uasset" 165
"../../../Engine/Content/Functions/Engine_MaterialFunctions02/Utility/MakeFloat4.uexp" 166
"../../../Engine/Content/Functions/Engine_MaterialFunctions02/Utility/MakeFloat3.uasset" 167
"../../../Engine/Content/Functions/Engine_MaterialFunctions02/Utility/MakeFloat3.uexp" 168
"../../../Engine/Content/Functions/Engine_MaterialFunctions02/Utility/BreakOutFloat3Components.uasset" 169
"../../../Engine/Content/Functions/Engine_MaterialFunctions02/Utility/BreakOutFloat3Components.uexp" 170
"../../../Engine/Content/EditorMaterials/WorldPartition/WorldPartitionSpatialHashGridPreviewMaterial.uasset" 171
"../../../Engine/Content/EditorMaterials/WorldPartition/WorldPartitionSpatialHashGridPreviewMaterial.uexp" 172
"../../../Engine/Content/EngineDamageTypes/DmgTypeBP_Environmental.uasset" 173
"../../../Engine/Content/EngineDamageTypes/DmgTypeBP_Environmental.uexp" 174
"../../../Engine/Content/Functions/Engine_MaterialFunctions02/Utility/CameraDirectionVector.uasset" 175
"../../../Engine/Content/Functions/Engine_MaterialFunctions02/Utility/CameraDirectionVector.uexp" 176
"../../../Engine/Content/EngineDebugMaterials/VolumeToRender.uasset" 177
"../../../Engine/Content/EngineDebugMaterials/VolumeToRender.uexp" 178
"../../../Engine/Content/EngineDebugMaterials/M_VolumeRenderSphereTracePP.uasset" 179
"../../../Engine/Content/EngineDebugMaterials/M_VolumeRenderSphereTracePP.uexp" 180
"../../../Engine/Content/EngineDebugMaterials/M_SimpleUnlitTranslucent.uasset" 181
"../../../Engine/Content/EngineDebugMaterials/M_SimpleUnlitTranslucent.uexp" 182
"../../../Engine/Content/EngineDebugMaterials/DebugMeshMaterial.uasset" 183
"../../../Engine/Content/EngineDebugMaterials/DebugMeshMaterial.uexp" 184
"../../../Engine/Content/EngineDebugMaterials/DebugEditorMaterial.uasset" 185
"../../../Engine/Content/EngineDebugMaterials/DebugEditorMaterial.uexp" 186
"../../../Engine/Content/EngineFonts/Faces/RobotoLight.uexp" 187
"../../../Engine/Content/EngineFonts/Faces/RobotoLight.uasset" 188
"../../../Engine/Content/EngineFonts/Faces/RobotoLight.ufont" 189
"../../../Engine/Content/EngineFonts/Faces/RobotoBold.uexp" 190
"../../../Engine/Content/EngineFonts/Faces/RobotoBold.uasset" 191
"../../../Engine/Content/EngineFonts/Faces/RobotoBold.ufont" 192
"../../../Engine/Content/EngineFonts/Faces/RobotoRegular.uexp" 193
"../../../Engine/Content/EngineFonts/Faces/RobotoRegular.uasset" 194
"../../../Engine/Content/EngineFonts/Faces/RobotoRegular.ufont" 195
"../../../Engine/Content/EngineFonts/Faces/DroidSansFallback.uexp" 196
"../../../Engine/Content/EngineFonts/Faces/DroidSansFallback.uasset" 197
"../../../Engine/Content/EngineFonts/Faces/DroidSansFallback.ufont" 198
"../../../Engine/Content/EngineFonts/Faces/RobotoItalic.uexp" 199
"../../../Engine/Content/EngineFonts/Faces/RobotoItalic.uasset" 200
"../../../Engine/Content/EngineFonts/Faces/RobotoItalic.ufont" 201
"../../../Engine/Content/EngineFonts/Faces/RobotoBoldItalic.uexp" 202
"../../../Engine/Content/EngineFonts/Faces/RobotoBoldItalic.uasset" 203
"../../../Engine/Content/EngineFonts/Faces/RobotoBoldItalic.ufont" 204
"../../../Engine/Content/EngineFonts/Roboto.uasset" 205
"../../../Engine/Content/EngineFonts/Roboto.uexp" 206
"../../../Engine/Content/EngineResources/WhiteSquareTexture.uasset" 207
"../../../Engine/Content/EngineResources/WhiteSquareTexture.uexp" 208
"../../../Engine/Content/EngineMaterials/Widget3DPassThrough.uasset" 209
"../../../Engine/Content/EngineMaterials/Widget3DPassThrough.uexp" 210
"../../../Engine/Content/EngineMaterials/Widget3DPassThrough_Translucent.uasset" 211
"../../../Engine/Content/EngineMaterials/Widget3DPassThrough_Translucent.uexp" 212
"../../../Engine/Content/EngineMaterials/Widget3DPassThrough_Translucent_OneSided.uasset" 213
"../../../Engine/Content/EngineMaterials/Widget3DPassThrough_Translucent_OneSided.uexp" 214
"../../../Engine/Content/EngineMaterials/Widget3DPassThrough_Opaque.uasset" 215
"../../../Engine/Content/EngineMaterials/Widget3DPassThrough_Opaque.uexp" 216
"../../../Engine/Content/EngineMaterials/Widget3DPassThrough_Opaque_OneSided.uasset" 217
"../../../Engine/Content/EngineMaterials/Widget3DPassThrough_Opaque_OneSided.uexp" 218
"../../../Engine/Content/EngineMaterials/Widget3DPassThrough_Masked_OneSided.uasset" 219
"../../../Engine/Content/EngineMaterials/Widget3DPassThrough_Masked_OneSided.uexp" 220
"../../../Engine/Content/EngineMaterials/Widget3DPassThrough_Masked.uasset" 221
"../../../Engine/Content/EngineMaterials/Widget3DPassThrough_Masked.uexp" 222
"../../../Engine/Content/EngineMaterials/STBlueNoise_vec2_128x128x64.uasset" 223
"../../../Engine/Content/EngineMaterials/STBlueNoise_vec2_128x128x64.uexp" 224
"../../../Engine/Content/EngineMaterials/STBlueNoise_scalar_128x128x64.uasset" 225
"../../../Engine/Content/EngineMaterials/STBlueNoise_scalar_128x128x64.uexp" 226
"../../../Engine/Content/EngineMaterials/RemoveSurfaceMaterial.uasset" 227
"../../../Engine/Content/EngineMaterials/RemoveSurfaceMaterial.uexp" 228
"../../../Engine/Content/EngineMaterials/DefaultCalibrationGrayscale.uasset" 229
"../../../Engine/Content/EngineMaterials/DefaultCalibrationGrayscale.uexp" 230
"../../../Engine/Content/EngineMaterials/PPM_DefaultCalibrationGrayscale.uasset" 231
"../../../Engine/Content/EngineMaterials/PPM_DefaultCalibrationGrayscale.uexp" 232
"../../../Engine/Content/EngineMaterials/DefaultCalibrationColor.uasset" 233
"../../../Engine/Content/EngineMaterials/DefaultCalibrationColor.uexp" 234
"../../../Engine/Content/EngineMaterials/PPM_DefaultCalibrationColor.uasset" 235
"../../../Engine/Content/EngineMaterials/PPM_DefaultCalibrationColor.uexp" 236
"../../../Engine/Content/Functions/Engine_MaterialFunctions02/WorldPositionOffset/CameraOffset.uasset" 237
"../../../Engine/Content/Functions/Engine_MaterialFunctions02/WorldPositionOffset/CameraOffset.uexp" 238
"../../../Engine/Content/EngineMaterials/PhAT_JointLimitMaterial.uasset" 239
"../../../Engine/Content/EngineMaterials/PhAT_JointLimitMaterial.uexp" 240
"../../../Engine/Content/EngineMaterials/InvalidLightmapSettings.ubulk" 241
"../../../Engine/Content/EngineMaterials/InvalidLightmapSettings.uasset" 242
"../../../Engine/Content/EngineMaterials/InvalidLightmapSettings.uexp" 243
"../../../Engine/Content/EngineMaterials/M_InvalidLightmapSettings.uasset" 244
"../../../Engine/Content/EngineMaterials/M_InvalidLightmapSettings.uexp" 245
"../../../Engine/Content/EngineMaterials/GizmoMaterial.uasset" 246
"../../../Engine/Content/EngineMaterials/GizmoMaterial.uexp" 247
"../../../Engine/Content/EngineMaterials/BaseFlattenEmissiveMap_VT.uasset" 248
"../../../Engine/Content/EngineMaterials/BaseFlattenEmissiveMap_VT.uexp" 249
"../../../Engine/Content/EngineMaterials/BaseFlattenGrayscaleMap_VT.uasset" 250
"../../../Engine/Content/EngineMaterials/BaseFlattenGrayscaleMap_VT.uexp" 251
"../../../Engine/Content/EngineMaterials/BaseFlattenLinearColor_VT.uasset" 252
"../../../Engine/Content/EngineMaterials/BaseFlattenLinearColor_VT.uexp" 253
"../../../Engine/Content/EngineMaterials/Black_1x1_EXR_Texture_VT.uasset" 254
"../../../Engine/Content/EngineMaterials/Black_1x1_EXR_Texture_VT.uexp" 255
"../../../Engine/Content/EngineMaterials/BaseFlattenDiffuseMap_VT.uasset" 256
"../../../Engine/Content/EngineMaterials/BaseFlattenDiffuseMap_VT.uexp" 257
"../../../Engine/Content/EngineMaterials/BaseFlattenNormalMap_VT.uasset" 258
"../../../Engine/Content/EngineMaterials/BaseFlattenNormalMap_VT.uexp" 259
"../../../Engine/Content/EngineMaterials/FlattenMaterial_WS_Normal_VT.uasset" 260
"../../../Engine/Content/EngineMaterials/FlattenMaterial_WS_Normal_VT.uexp" 261
"../../../Engine/Content/EngineMaterials/FlattenMaterial_VT.uasset" 262
"../../../Engine/Content/EngineMaterials/FlattenMaterial_VT.uexp" 263
"../../../Engine/Content/EngineMaterials/BaseFlattenNormalMap.uasset" 264
"../../../Engine/Content/EngineMaterials/BaseFlattenNormalMap.uexp" 265
"../../../Engine/Content/EngineMaterials/BaseFlattenGrayscaleMap.uasset" 266
"../../../Engine/Content/EngineMaterials/BaseFlattenGrayscaleMap.uexp" 267
"../../../Engine/Content/EngineMaterials/BaseFlattenDiffuseMap.uasset" 268
"../../../Engine/Content/EngineMaterials/BaseFlattenDiffuseMap.uexp" 269
"../../../Engine/Content/Functions/Engine_MaterialFunctions02/PivotPainter2/Black_1x1_EXR_Texture.uasset" 270
"../../../Engine/Content/Functions/Engine_MaterialFunctions02/PivotPainter2/Black_1x1_EXR_Texture.uexp" 271
"../../../Engine/Content/EngineMaterials/BaseFlattenEmissiveMap.uasset" 272
"../../../Engine/Content/EngineMaterials/BaseFlattenEmissiveMap.uexp" 273
"../../../Engine/Content/EngineMaterials/BaseFlattenLinearColor.uasset" 274
"../../../Engine/Content/EngineMaterials/BaseFlattenLinearColor.uexp" 275
"../../../Engine/Content/EngineMaterials/FlattenMaterial.uasset" 276
"../../../Engine/Content/EngineMaterials/FlattenMaterial.uexp" 277
"../../../Engine/Content/EngineMaterials/DefaultWhiteGrid_Low.uasset" 278
"../../../Engine/Content/EngineMaterials/DefaultWhiteGrid_Low.uexp" 279
"../../../Engine/Content/EngineMaterials/EmissiveMeshMaterial.uasset" 280
"../../../Engine/Content/EngineMaterials/EmissiveMeshMaterial.uexp" 281
"../../../Engine/Content/EngineFonts/RobotoDistanceField.uasset" 282
"../../../Engine/Content/EngineFonts/RobotoDistanceField.uexp" 283
"../../../Engine/Content/EngineMaterials/DefaultTextMaterialOpaque.uasset" 284
"../../../Engine/Content/EngineMaterials/DefaultTextMaterialOpaque.uexp" 285
"../../../Engine/Content/EngineMaterials/DefaultDiffuse.ubulk" 286
"../../../Engine/Content/EngineMaterials/DefaultDiffuse.uasset" 287
"../../../Engine/Content/EngineMaterials/DefaultDiffuse.uexp" 288
"../../../Engine/Content/Functions/Engine_MaterialFunctions02/Utility/BreakOutFloat2Components.uasset" 289
"../../../Engine/Content/Functions/Engine_MaterialFunctions02/Utility/BreakOutFloat2Components.uexp" 290
"../../../Engine/Content/EngineMaterials/DefaultPostProcessMaterial.uasset" 291
"../../../Engine/Content/EngineMaterials/DefaultPostProcessMaterial.uexp" 292
"../../../Engine/Content/EngineMaterials/DefaultPhysicalMaterial.uasset" 293
"../../../Engine/Content/EngineMaterials/DefaultPhysicalMaterial.uexp" 294
"../../../Engine/Content/EngineMaterials/DefaultLightFunctionMaterial.uasset" 295
"../../../Engine/Content/EngineMaterials/DefaultLightFunctionMaterial.uexp" 296
"../../../Engine/Content/EngineMaterials/DefaultDestructiblePhysicalMaterial.uasset" 297
"../../../Engine/Content/EngineMaterials/DefaultDestructiblePhysicalMaterial.uexp" 298
"../../../Engine/Content/EngineMaterials/DefaultDeferredDecalMaterial.uasset" 299
"../../../Engine/Content/EngineMaterials/DefaultDeferredDecalMaterial.uexp" 300
"../../../Engine/Content/EngineMaterials/DefaultBloomKernel.uasset" 301
"../../../Engine/Content/EngineMaterials/DefaultBloomKernel.uexp" 302
"../../../Engine/Content/EngineResources/FilmGrains/Marcie_Grain_v3_128_M2_000.uasset" 303
"../../../Engine/Content/EngineResources/FilmGrains/Marcie_Grain_v3_128_M2_000.uexp" 304
"../../../Engine/Content/EngineSky/T_Sky_Stars.ubulk" 305
"../../../Engine/Content/EngineSky/T_Sky_Stars.uasset" 306
"../../../Engine/Content/EngineSky/T_Sky_Stars.uexp" 307
"../../../Engine/Content/EngineSky/T_Sky_Clouds_M.ubulk" 308
"../../../Engine/Content/EngineSky/T_Sky_Clouds_M.uasset" 309
"../../../Engine/Content/EngineSky/T_Sky_Clouds_M.uexp" 310
"../../../Engine/Content/EngineSky/T_Sky_Blue.ubulk" 311
"../../../Engine/Content/EngineSky/T_Sky_Blue.uasset" 312
"../../../Engine/Content/EngineSky/T_Sky_Blue.uexp" 313
"../../../Engine/Content/EngineSky/M_Sky_Panning_Clouds2.uasset" 314
"../../../Engine/Content/EngineSky/M_Sky_Panning_Clouds2.uexp" 315
"../../../Engine/Content/EngineSky/SM_SkySphere.ubulk" 316
"../../../Engine/Content/EngineSky/SM_SkySphere.uasset" 317
"../../../Engine/Content/EngineSky/SM_SkySphere.uexp" 318
"../../../Engine/Content/EngineSky/M_SimpleSkyDome.uasset" 319
"../../../Engine/Content/EngineSky/M_SimpleSkyDome.uexp" 320
"../../../Engine/Content/EngineSky/VolumetricClouds/CloudWeatherTexture.uasset" 321
"../../../Engine/Content/EngineSky/VolumetricClouds/CloudWeatherTexture.uexp" 322
"../../../Engine/Content/Functions/Engine_MaterialFunctions02/Utility/MakeFloat2.uasset" 323
"../../../Engine/Content/Functions/Engine_MaterialFunctions02/Utility/MakeFloat2.uexp" 324
"../../../Engine/Content/EngineSky/VolumetricClouds/CloudGradientTexture.uasset" 325
"../../../Engine/Content/EngineSky/VolumetricClouds/CloudGradientTexture.uexp" 326
"../../../Engine/Content/EngineSky/VolumetricClouds/T_NoiseShape64.ubulk" 327
"../../../Engine/Content/EngineSky/VolumetricClouds/T_NoiseShape64.uasset" 328
"../../../Engine/Content/EngineSky/VolumetricClouds/T_NoiseShape64.uexp" 329
"../../../Engine/Content/EngineSky/VolumetricClouds/T_VolumeNoiseShape64.uasset" 330
"../../../Engine/Content/EngineSky/VolumetricClouds/T_VolumeNoiseShape64.uexp" 331
"../../../Engine/Content/EngineSky/VolumetricClouds/T_NoiseErosion.ubulk" 332
"../../../Engine/Content/EngineSky/VolumetricClouds/T_NoiseErosion.uasset" 333
"../../../Engine/Content/EngineSky/VolumetricClouds/T_NoiseErosion.uexp" 334
"../../../Engine/Content/EngineSky/VolumetricClouds/T_VolumeNoiseErosion32.uasset" 335
"../../../Engine/Content/EngineSky/VolumetricClouds/T_VolumeNoiseErosion32.uexp" 336
"../../../Engine/Content/EngineSky/VolumetricClouds/m_SimpleVolumetricCloud.uasset" 337
"../../../Engine/Content/EngineSky/VolumetricClouds/m_SimpleVolumetricCloud.uexp" 338
"../../../Engine/Content/EngineSky/VolumetricClouds/m_SimpleVolumetricCloud_Inst.uasset" 339
"../../../Engine/Content/EngineSky/VolumetricClouds/m_SimpleVolumetricCloud_Inst.uexp" 340
"../../../Engine/Content/EngineSounds/Master.uasset" 341
"../../../Engine/Content/EngineSounds/Master.uexp" 342
"../../../Engine/Content/Functions/Engine_MaterialFunctions01/Shading/PowerToRoughness.uasset" 343
"../../../Engine/Content/Functions/Engine_MaterialFunctions01/Shading/PowerToRoughness.uexp" 344
"../../../Engine/Plugins/2D/Paper2D/Content/PlaceholderTextures/DummySpriteTexture.ubulk" 345
"../../../Engine/Plugins/2D/Paper2D/Content/PlaceholderTextures/DummySpriteTexture.uasset" 346
"../../../Engine/Plugins/2D/Paper2D/Content/PlaceholderTextures/DummySpriteTexture.uexp" 347
"../../../Engine/Plugins/2D/Paper2D/Content/DefaultSpriteMaterial.uasset" 348
"../../../Engine/Plugins/2D/Paper2D/Content/DefaultSpriteMaterial.uexp" 349
"../../../Engine/Plugins/2D/Paper2D/Content/OpaqueUnlitSpriteMaterial.uasset" 350
"../../../Engine/Plugins/2D/Paper2D/Content/OpaqueUnlitSpriteMaterial.uexp" 351
"../../../Engine/Plugins/2D/Paper2D/Content/MaskedUnlitSpriteMaterial.uasset" 352
"../../../Engine/Plugins/2D/Paper2D/Content/MaskedUnlitSpriteMaterial.uexp" 353
"../../../Engine/Plugins/2D/Paper2D/Content/DummySprite.uasset" 354
"../../../Engine/Plugins/2D/Paper2D/Content/DummySprite.uexp" 355
"../../../Engine/Plugins/2D/Paper2D/Content/DefaultPaperTerrainMaterial.uasset" 356
"../../../Engine/Plugins/2D/Paper2D/Content/DefaultPaperTerrainMaterial.uexp" 357
"../../../Engine/Content/Maps/Templates/HLODs/HLODLayer_Merged.uasset" 358
"../../../Engine/Content/Maps/Templates/HLODs/HLODLayer_Merged.uexp" 359
"../../../Engine/Content/MobileResources/HUD/VirtualJoystick_Background.uasset" 360
"../../../Engine/Content/MobileResources/HUD/VirtualJoystick_Background.uexp" 361
"../../../Engine/Content/MobileResources/HUD/VirtualJoystick_Thumb.uasset" 362
"../../../Engine/Content/MobileResources/HUD/VirtualJoystick_Thumb.uexp" 363
"../../../Engine/Content/MobileResources/HUD/DefaultVirtualJoysticks.uasset" 364
"../../../Engine/Content/MobileResources/HUD/DefaultVirtualJoysticks.uexp" 365
"../../../Engine/Plugins/Animation/ControlRig/Content/M_Manip.uasset" 366
"../../../Engine/Plugins/Animation/ControlRig/Content/M_Manip.uexp" 367
"../../../Engine/Plugins/Animation/ControlRig/Content/Controls/DefaultGizmoLibraryNormalized.uasset" 368
"../../../Engine/Plugins/Animation/ControlRig/Content/Controls/DefaultGizmoLibraryNormalized.uexp" 369
"../../../Engine/Plugins/Animation/ControlRig/Content/Controls/ControlRig_Wedge_solid.ubulk" 370
"../../../Engine/Plugins/Animation/ControlRig/Content/Controls/ControlRig_Wedge_solid.uasset" 371
"../../../Engine/Plugins/Animation/ControlRig/Content/Controls/ControlRig_Wedge_solid.uexp" 372
"../../../Engine/Plugins/Animation/ControlRig/Content/Controls/ControlRig_Wedge_3mm.ubulk" 373
"../../../Engine/Plugins/Animation/ControlRig/Content/Controls/ControlRig_Wedge_3mm.uasset" 374
"../../../Engine/Plugins/Animation/ControlRig/Content/Controls/ControlRig_Wedge_3mm.uexp" 375
"../../../Engine/Plugins/Animation/ControlRig/Content/Controls/ControlRig_Wedge_1mm.ubulk" 376
"../../../Engine/Plugins/Animation/ControlRig/Content/Controls/ControlRig_Wedge_1mm.uasset" 377
"../../../Engine/Plugins/Animation/ControlRig/Content/Controls/ControlRig_Wedge_1mm.uexp" 378
"../../../Engine/Plugins/Animation/ControlRig/Content/Controls/ControlRig_Triangle_solid.ubulk" 379
"../../../Engine/Plugins/Animation/ControlRig/Content/Controls/ControlRig_Triangle_solid.uasset" 380
"../../../Engine/Plugins/Animation/ControlRig/Content/Controls/ControlRig_Triangle_solid.uexp" 381
"../../../Engine/Plugins/Animation/ControlRig/Content/Controls/ControlRig_Triangle_3mm.ubulk" 382
"../../../Engine/Plugins/Animation/ControlRig/Content/Controls/ControlRig_Triangle_3mm.uasset" 383
"../../../Engine/Plugins/Animation/ControlRig/Content/Controls/ControlRig_Triangle_3mm.uexp" 384
"../../../Engine/Plugins/Animation/ControlRig/Content/Controls/ControlRig_Triangle_1mm.ubulk" 385
"../../../Engine/Plugins/Animation/ControlRig/Content/Controls/ControlRig_Triangle_1mm.uasset" 386
"../../../Engine/Plugins/Animation/ControlRig/Content/Controls/ControlRig_Triangle_1mm.uexp" 387
"../../../Engine/Plugins/Animation/ControlRig/Content/Controls/ControlRig_Star4_solid.ubulk" 388
"../../../Engine/Plugins/Animation/ControlRig/Content/Controls/ControlRig_Star4_solid.uasset" 389
"../../../Engine/Plugins/Animation/ControlRig/Content/Controls/ControlRig_Star4_solid.uexp" 390
"../../../Engine/Plugins/Animation/ControlRig/Content/Controls/ControlRig_Star4_3mm.ubulk" 391
"../../../Engine/Plugins/Animation/ControlRig/Content/Controls/ControlRig_Star4_3mm.uasset" 392
"../../../Engine/Plugins/Animation/ControlRig/Content/Controls/ControlRig_Star4_3mm.uexp" 393
"../../../Engine/Plugins/Animation/ControlRig/Content/Controls/ControlRig_Star4_1mm.ubulk" 394
"../../../Engine/Plugins/Animation/ControlRig/Content/Controls/ControlRig_Star4_1mm.uasset" 395
"../../../Engine/Plugins/Animation/ControlRig/Content/Controls/ControlRig_Star4_1mm.uexp" 396
"../../../Engine/Plugins/Animation/ControlRig/Content/Controls/ControlRig_Square_solid.ubulk" 397
"../../../Engine/Plugins/Animation/ControlRig/Content/Controls/ControlRig_Square_solid.uasset" 398
"../../../Engine/Plugins/Animation/ControlRig/Content/Controls/ControlRig_Square_solid.uexp" 399
"../../../Engine/Plugins/Animation/ControlRig/Content/Controls/ControlRig_Square_3mm.ubulk" 400
"../../../Engine/Plugins/Animation/ControlRig/Content/Controls/ControlRig_Square_3mm.uasset" 401
"../../../Engine/Plugins/Animation/ControlRig/Content/Controls/ControlRig_Square_3mm.uexp" 402
"../../../Engine/Plugins/Animation/ControlRig/Content/Controls/ControlRig_Square_1mm.ubulk" 403
"../../../Engine/Plugins/Animation/ControlRig/Content/Controls/ControlRig_Square_1mm.uasset" 404
"../../../Engine/Plugins/Animation/ControlRig/Content/Controls/ControlRig_Square_1mm.uexp" 405
"../../../Engine/Plugins/Animation/ControlRig/Content/Controls/ControlRig_Sphere_solid.ubulk" 406
"../../../Engine/Plugins/Animation/ControlRig/Content/Controls/ControlRig_Sphere_solid.uasset" 407
"../../../Engine/Plugins/Animation/ControlRig/Content/Controls/ControlRig_Sphere_solid.uexp" 408
"../../../Engine/Plugins/Animation/ControlRig/Content/Controls/ControlRig_Sphere_3mm.ubulk" 409
"../../../Engine/Plugins/Animation/ControlRig/Content/Controls/ControlRig_Sphere_3mm.uasset" 410
"../../../Engine/Plugins/Animation/ControlRig/Content/Controls/ControlRig_Sphere_3mm.uexp" 411
"../../../Engine/Plugins/Animation/ControlRig/Content/Controls/ControlRig_Sphere_1mm.ubulk" 412
"../../../Engine/Plugins/Animation/ControlRig/Content/Controls/ControlRig_Sphere_1mm.uasset" 413
"../../../Engine/Plugins/Animation/ControlRig/Content/Controls/ControlRig_Sphere_1mm.uexp" 414
"../../../Engine/Plugins/Animation/ControlRig/Content/Controls/ControlRig_RoundedTriangle_solid.ubulk" 415
"../../../Engine/Plugins/Animation/ControlRig/Content/Controls/ControlRig_RoundedTriangle_solid.uasset" 416
"../../../Engine/Plugins/Animation/ControlRig/Content/Controls/ControlRig_RoundedTriangle_solid.uexp" 417
"../../../Engine/Plugins/Animation/ControlRig/Content/Controls/ControlRig_RoundedTriangle_3mm.ubulk" 418
"../../../Engine/Plugins/Animation/ControlRig/Content/Controls/ControlRig_RoundedTriangle_3mm.uasset" 419
"../../../Engine/Plugins/Animation/ControlRig/Content/Controls/ControlRig_RoundedTriangle_3mm.uexp" 420
"../../../Engine/Plugins/Animation/ControlRig/Content/Controls/ControlRig_RoundedTriangle_1mm.ubulk" 421
"../../../Engine/Plugins/Animation/ControlRig/Content/Controls/ControlRig_RoundedTriangle_1mm.uasset" 422
"../../../Engine/Plugins/Animation/ControlRig/Content/Controls/ControlRig_RoundedTriangle_1mm.uexp" 423
"../../../Engine/Plugins/Animation/ControlRig/Content/Controls/ControlRig_RoundedSquare_solid.ubulk" 424
"../../../Engine/Plugins/Animation/ControlRig/Content/Controls/ControlRig_RoundedSquare_solid.uasset" 425
"../../../Engine/Plugins/Animation/ControlRig/Content/Controls/ControlRig_RoundedSquare_solid.uexp" 426
"../../../Engine/Plugins/Animation/ControlRig/Content/Controls/ControlRig_RoundedSquare_3mm.ubulk" 427
"../../../Engine/Plugins/Animation/ControlRig/Content/Controls/ControlRig_RoundedSquare_3mm.uasset" 428
"../../../Engine/Plugins/Animation/ControlRig/Content/Controls/ControlRig_RoundedSquare_3mm.uexp" 429
"../../../Engine/Plugins/Animation/ControlRig/Content/Controls/ControlRig_RoundedSquare_1mm.ubulk" 430
"../../../Engine/Plugins/Animation/ControlRig/Content/Controls/ControlRig_RoundedSquare_1mm.uasset" 431
"../../../Engine/Plugins/Animation/ControlRig/Content/Controls/ControlRig_RoundedSquare_1mm.uexp" 432
"../../../Engine/Plugins/Animation/ControlRig/Content/Controls/ControlRig_QuarterCircle_solid.ubulk" 433
"../../../Engine/Plugins/Animation/ControlRig/Content/Controls/ControlRig_QuarterCircle_solid.uasset" 434
"../../../Engine/Plugins/Animation/ControlRig/Content/Controls/ControlRig_QuarterCircle_solid.uexp" 435
"../../../Engine/Plugins/Animation/ControlRig/Content/Controls/ControlRig_QuarterCircle_3mm.ubulk" 436
"../../../Engine/Plugins/Animation/ControlRig/Content/Controls/ControlRig_QuarterCircle_3mm.uasset" 437
"../../../Engine/Plugins/Animation/ControlRig/Content/Controls/ControlRig_QuarterCircle_3mm.uexp" 438
"../../../Engine/Plugins/Animation/ControlRig/Content/Controls/ControlRig_QuarterCircle_1mm.ubulk" 439
"../../../Engine/Plugins/Animation/ControlRig/Content/Controls/ControlRig_QuarterCircle_1mm.uasset" 440
"../../../Engine/Plugins/Animation/ControlRig/Content/Controls/ControlRig_QuarterCircle_1mm.uexp" 441
"../../../Engine/Plugins/Animation/ControlRig/Content/Controls/ControlRig_Pyramid_solid.ubulk" 442
"../../../Engine/Plugins/Animation/ControlRig/Content/Controls/ControlRig_Pyramid_solid.uasset" 443
"../../../Engine/Plugins/Animation/ControlRig/Content/Controls/ControlRig_Pyramid_solid.uexp" 444
"../../../Engine/Plugins/Animation/ControlRig/Content/Controls/ControlRig_Pyramid_3mm.ubulk" 445
"../../../Engine/Plugins/Animation/ControlRig/Content/Controls/ControlRig_Pyramid_3mm.uasset" 446
"../../../Engine/Plugins/Animation/ControlRig/Content/Controls/ControlRig_Pyramid_3mm.uexp" 447
"../../../Engine/Plugins/Animation/ControlRig/Content/Controls/ControlRig_Pyramid_1mm.ubulk" 448
"../../../Engine/Plugins/Animation/ControlRig/Content/Controls/ControlRig_Pyramid_1mm.uasset" 449
"../../../Engine/Plugins/Animation/ControlRig/Content/Controls/ControlRig_Pyramid_1mm.uexp" 450
"../../../Engine/Plugins/Animation/ControlRig/Content/Controls/ControlRig_Octagon_solid.ubulk" 451
"../../../Engine/Plugins/Animation/ControlRig/Content/Controls/ControlRig_Octagon_solid.uasset" 452
"../../../Engine/Plugins/Animation/ControlRig/Content/Controls/ControlRig_Octagon_solid.uexp" 453
"../../../Engine/Plugins/Animation/ControlRig/Content/Controls/ControlRig_Octagon_3mm.ubulk" 454
"../../../Engine/Plugins/Animation/ControlRig/Content/Controls/ControlRig_Octagon_3mm.uasset" 455
"../../../Engine/Plugins/Animation/ControlRig/Content/Controls/ControlRig_Octagon_3mm.uexp" 456
"../../../Engine/Plugins/Animation/ControlRig/Content/Controls/ControlRig_Octagon_1mm.ubulk" 457
"../../../Engine/Plugins/Animation/ControlRig/Content/Controls/ControlRig_Octagon_1mm.uasset" 458
"../../../Engine/Plugins/Animation/ControlRig/Content/Controls/ControlRig_Octagon_1mm.uexp" 459
"../../../Engine/Plugins/Animation/ControlRig/Content/Controls/ControlRig_Hexagon_solid.ubulk" 460
"../../../Engine/Plugins/Animation/ControlRig/Content/Controls/ControlRig_Hexagon_solid.uasset" 461
"../../../Engine/Plugins/Animation/ControlRig/Content/Controls/ControlRig_Hexagon_solid.uexp" 462
"../../../Engine/Plugins/Animation/ControlRig/Content/Controls/ControlRig_Hexagon_3mm.ubulk" 463
"../../../Engine/Plugins/Animation/ControlRig/Content/Controls/ControlRig_Hexagon_3mm.uasset" 464
"../../../Engine/Plugins/Animation/ControlRig/Content/Controls/ControlRig_Hexagon_3mm.uexp" 465
"../../../Engine/Plugins/Animation/ControlRig/Content/Controls/ControlRig_Hexagon_1mm.ubulk" 466
"../../../Engine/Plugins/Animation/ControlRig/Content/Controls/ControlRig_Hexagon_1mm.uasset" 467
"../../../Engine/Plugins/Animation/ControlRig/Content/Controls/ControlRig_Hexagon_1mm.uexp" 468
"../../../Engine/Plugins/Animation/ControlRig/Content/Controls/ControlRig_HalfCircle_solid.ubulk" 469
"../../../Engine/Plugins/Animation/ControlRig/Content/Controls/ControlRig_HalfCircle_solid.uasset" 470
"../../../Engine/Plugins/Animation/ControlRig/Content/Controls/ControlRig_HalfCircle_solid.uexp" 471
"../../../Engine/Plugins/Animation/ControlRig/Content/Controls/ControlRig_HalfCircle_3mm.ubulk" 472
"../../../Engine/Plugins/Animation/ControlRig/Content/Controls/ControlRig_HalfCircle_3mm.uasset" 473
"../../../Engine/Plugins/Animation/ControlRig/Content/Controls/ControlRig_HalfCircle_3mm.uexp" 474
"../../../Engine/Plugins/Animation/ControlRig/Content/Controls/ControlRig_HalfCircle_1mm.ubulk" 475
"../../../Engine/Plugins/Animation/ControlRig/Content/Controls/ControlRig_HalfCircle_1mm.uasset" 476
"../../../Engine/Plugins/Animation/ControlRig/Content/Controls/ControlRig_HalfCircle_1mm.uexp" 477
"../../../Engine/Plugins/Animation/ControlRig/Content/Controls/ControlRig_Diamond_solid.ubulk" 478
"../../../Engine/Plugins/Animation/ControlRig/Content/Controls/ControlRig_Diamond_solid.uasset" 479
"../../../Engine/Plugins/Animation/ControlRig/Content/Controls/ControlRig_Diamond_solid.uexp" 480
"../../../Engine/Plugins/Animation/ControlRig/Content/Controls/ControlRig_Diamond_3mm.ubulk" 481
"../../../Engine/Plugins/Animation/ControlRig/Content/Controls/ControlRig_Diamond_3mm.uasset" 482
"../../../Engine/Plugins/Animation/ControlRig/Content/Controls/ControlRig_Diamond_3mm.uexp" 483
"../../../Engine/Plugins/Animation/ControlRig/Content/Controls/ControlRig_Diamond_1mm.ubulk" 484
"../../../Engine/Plugins/Animation/ControlRig/Content/Controls/ControlRig_Diamond_1mm.uasset" 485
"../../../Engine/Plugins/Animation/ControlRig/Content/Controls/ControlRig_Diamond_1mm.uexp" 486
"../../../Engine/Plugins/Animation/ControlRig/Content/Controls/ControlRig_Circle_solid.ubulk" 487
"../../../Engine/Plugins/Animation/ControlRig/Content/Controls/ControlRig_Circle_solid.uasset" 488
"../../../Engine/Plugins/Animation/ControlRig/Content/Controls/ControlRig_Circle_solid.uexp" 489
"../../../Engine/Plugins/Animation/ControlRig/Content/Controls/ControlRig_Circle_3mm.ubulk" 490
"../../../Engine/Plugins/Animation/ControlRig/Content/Controls/ControlRig_Circle_3mm.uasset" 491
"../../../Engine/Plugins/Animation/ControlRig/Content/Controls/ControlRig_Circle_3mm.uexp" 492
"../../../Engine/Plugins/Animation/ControlRig/Content/Controls/ControlRig_Circle_1mm.ubulk" 493
"../../../Engine/Plugins/Animation/ControlRig/Content/Controls/ControlRig_Circle_1mm.uasset" 494
"../../../Engine/Plugins/Animation/ControlRig/Content/Controls/ControlRig_Circle_1mm.uexp" 495
"../../../Engine/Plugins/Animation/ControlRig/Content/Controls/ControlRig_Box_solid.ubulk" 496
"../../../Engine/Plugins/Animation/ControlRig/Content/Controls/ControlRig_Box_solid.uasset" 497
"../../../Engine/Plugins/Animation/ControlRig/Content/Controls/ControlRig_Box_solid.uexp" 498
"../../../Engine/Plugins/Animation/ControlRig/Content/Controls/ControlRig_Box_3mm.ubulk" 499
"../../../Engine/Plugins/Animation/ControlRig/Content/Controls/ControlRig_Box_3mm.uasset" 500
"../../../Engine/Plugins/Animation/ControlRig/Content/Controls/ControlRig_Box_3mm.uexp" 501
"../../../Engine/Plugins/Animation/ControlRig/Content/Controls/ControlRig_Box_1mm.ubulk" 502
"../../../Engine/Plugins/Animation/ControlRig/Content/Controls/ControlRig_Box_1mm.uasset" 503
"../../../Engine/Plugins/Animation/ControlRig/Content/Controls/ControlRig_Box_1mm.uexp" 504
"../../../Engine/Plugins/Animation/ControlRig/Content/Controls/ControlRig_Arrow_solid.ubulk" 505
"../../../Engine/Plugins/Animation/ControlRig/Content/Controls/ControlRig_Arrow_solid.uasset" 506
"../../../Engine/Plugins/Animation/ControlRig/Content/Controls/ControlRig_Arrow_solid.uexp" 507
"../../../Engine/Plugins/Animation/ControlRig/Content/Controls/ControlRig_Arrow_3mm.ubulk" 508
"../../../Engine/Plugins/Animation/ControlRig/Content/Controls/ControlRig_Arrow_3mm.uasset" 509
"../../../Engine/Plugins/Animation/ControlRig/Content/Controls/ControlRig_Arrow_3mm.uexp" 510
"../../../Engine/Plugins/Animation/ControlRig/Content/Controls/ControlRig_Arrow_1mm.ubulk" 511
"../../../Engine/Plugins/Animation/ControlRig/Content/Controls/ControlRig_Arrow_1mm.uasset" 512
"../../../Engine/Plugins/Animation/ControlRig/Content/Controls/ControlRig_Arrow_1mm.uexp" 513
"../../../Engine/Plugins/Animation/ControlRig/Content/Controls/ControlRig_Arrow4_solid.ubulk" 514
"../../../Engine/Plugins/Animation/ControlRig/Content/Controls/ControlRig_Arrow4_solid.uasset" 515
"../../../Engine/Plugins/Animation/ControlRig/Content/Controls/ControlRig_Arrow4_solid.uexp" 516
"../../../Engine/Plugins/Animation/ControlRig/Content/Controls/ControlRig_Arrow4_3mm.ubulk" 517
"../../../Engine/Plugins/Animation/ControlRig/Content/Controls/ControlRig_Arrow4_3mm.uasset" 518
"../../../Engine/Plugins/Animation/ControlRig/Content/Controls/ControlRig_Arrow4_3mm.uexp" 519
"../../../Engine/Plugins/Animation/ControlRig/Content/Controls/ControlRig_Arrow4_1mm.ubulk" 520
"../../../Engine/Plugins/Animation/ControlRig/Content/Controls/ControlRig_Arrow4_1mm.uasset" 521
"../../../Engine/Plugins/Animation/ControlRig/Content/Controls/ControlRig_Arrow4_1mm.uexp" 522
"../../../Engine/Plugins/Animation/ControlRig/Content/Controls/ControlRig_Arrow2_solid.ubulk" 523
"../../../Engine/Plugins/Animation/ControlRig/Content/Controls/ControlRig_Arrow2_solid.uasset" 524
"../../../Engine/Plugins/Animation/ControlRig/Content/Controls/ControlRig_Arrow2_solid.uexp" 525
"../../../Engine/Plugins/Animation/ControlRig/Content/Controls/ControlRig_Arrow2_3mm.ubulk" 526
"../../../Engine/Plugins/Animation/ControlRig/Content/Controls/ControlRig_Arrow2_3mm.uasset" 527
"../../../Engine/Plugins/Animation/ControlRig/Content/Controls/ControlRig_Arrow2_3mm.uexp" 528
"../../../Engine/Plugins/Animation/ControlRig/Content/Controls/ControlRig_Arrow2_1mm.ubulk" 529
"../../../Engine/Plugins/Animation/ControlRig/Content/Controls/ControlRig_Arrow2_1mm.uasset" 530
"../../../Engine/Plugins/Animation/ControlRig/Content/Controls/ControlRig_Arrow2_1mm.uexp" 531
"../../../Engine/Plugins/Animation/ControlRig/Content/Controls/ControlRigXRayMaterial.uasset" 532
"../../../Engine/Plugins/Animation/ControlRig/Content/Controls/ControlRigXRayMaterial.uexp" 533
"../../../Engine/Plugins/Animation/ControlRig/Content/Controls/ControlRigGizmoMaterial.uasset" 534
"../../../Engine/Plugins/Animation/ControlRig/Content/Controls/ControlRigGizmoMaterial.uexp" 535
"../../../Engine/Plugins/Editor/SpeedTreeImporter/Content/SpeedTree9/game_wind_noise.ubulk" 536
"../../../Engine/Plugins/Editor/SpeedTreeImporter/Content/SpeedTree9/game_wind_noise.uasset" 537
"../../../Engine/Plugins/Editor/SpeedTreeImporter/Content/SpeedTree9/game_wind_noise.uexp" 538
"../../../Engine/Plugins/Editor/SpeedTreeImporter/Content/SpeedTree9/UnpackDirection.uasset" 539
"../../../Engine/Plugins/Editor/SpeedTreeImporter/Content/SpeedTree9/UnpackDirection.uexp" 540
"../../../Engine/Content/Functions/Engine_MaterialFunctions02/ObjectLocalBounds.uasset" 541
"../../../Engine/Content/Functions/Engine_MaterialFunctions02/ObjectLocalBounds.uexp" 542
"../../../Engine/Content/Functions/Engine_MaterialFunctions02/UVs/BoundingBoxBased_0-1_UVW.uasset" 543
"../../../Engine/Content/Functions/Engine_MaterialFunctions02/UVs/BoundingBoxBased_0-1_UVW.uexp" 544
"../../../Engine/Content/Functions/Engine_MaterialFunctions02/Utility/VectorLength.uasset" 545
"../../../Engine/Content/Functions/Engine_MaterialFunctions02/Utility/VectorLength.uexp" 546
"../../../Engine/Plugins/Editor/SpeedTreeImporter/Content/SpeedTree9/UnpackInteger3.uasset" 547
"../../../Engine/Plugins/Editor/SpeedTreeImporter/Content/SpeedTree9/UnpackInteger3.uexp" 548
"../../../Engine/Plugins/Editor/SpeedTreeImporter/Content/SpeedTree9/SpeedTreeCameraFacing.uasset" 549
"../../../Engine/Plugins/Editor/SpeedTreeImporter/Content/SpeedTree9/SpeedTreeCameraFacing.uexp" 550
"../../../Engine/Content/Functions/Engine_MaterialFunctions02/WorldPositionOffset/ObjectScale.uasset" 551
"../../../Engine/Content/Functions/Engine_MaterialFunctions02/WorldPositionOffset/ObjectScale.uexp" 552
"../../../Engine/Content/Functions/Engine_MaterialFunctions02/SafeNormalize.uasset" 553
"../../../Engine/Content/Functions/Engine_MaterialFunctions02/SafeNormalize.uexp" 554
"../../../Engine/Plugins/Editor/SpeedTreeImporter/Content/SpeedTree9/SpeedTreeWindMotion.uasset" 555
"../../../Engine/Plugins/Editor/SpeedTreeImporter/Content/SpeedTree9/SpeedTreeWindMotion.uexp" 556
"../../../Engine/Plugins/Editor/SpeedTreeImporter/Content/SpeedTree9/SpeedTreeBranchMotion.uasset" 557
"../../../Engine/Plugins/Editor/SpeedTreeImporter/Content/SpeedTree9/SpeedTreeBranchMotion.uexp" 558
"../../../Engine/Plugins/Editor/SpeedTreeImporter/Content/SpeedTree9/SpeedTreeWind.uasset" 559
"../../../Engine/Plugins/Editor/SpeedTreeImporter/Content/SpeedTree9/SpeedTreeWind.uexp" 560
"../../../Engine/Plugins/Editor/SpeedTreeImporter/Content/SpeedTree9/EmptyNormal.uasset" 561
"../../../Engine/Plugins/Editor/SpeedTreeImporter/Content/SpeedTree9/EmptyNormal.uexp" 562
"../../../Engine/Plugins/Editor/SpeedTreeImporter/Content/SpeedTree9/Empty.uasset" 563
"../../../Engine/Plugins/Editor/SpeedTreeImporter/Content/SpeedTree9/Empty.uexp" 564
"../../../Engine/Plugins/Editor/SpeedTreeImporter/Content/SpeedTree9/SpeedTreeMaster.uasset" 565
"../../../Engine/Plugins/Editor/SpeedTreeImporter/Content/SpeedTree9/SpeedTreeMaster.uexp" 566
"../../../Engine/Plugins/Editor/SpeedTreeImporter/Content/SpeedTree9/SpeedTreeBillboard.uasset" 567
"../../../Engine/Plugins/Editor/SpeedTreeImporter/Content/SpeedTree9/SpeedTreeBillboard.uexp" 568
"../../../Engine/Plugins/Editor/SpeedTreeImporter/Content/SpeedTree9/SpeedTreeBillboardMaster.uasset" 569
"../../../Engine/Plugins/Editor/SpeedTreeImporter/Content/SpeedTree9/SpeedTreeBillboardMaster.uexp" 570
"../../../Engine/Content/Functions/Engine_MaterialFunctions02/Texturing/CustomRotator.uasset" 571
"../../../Engine/Content/Functions/Engine_MaterialFunctions02/Texturing/CustomRotator.uexp" 572
"../../../Engine/Content/Functions/Engine_MaterialFunctions02/Texturing/ScreenAlignedPixelToPixelUVs.uasset" 573
"../../../Engine/Content/Functions/Engine_MaterialFunctions02/Texturing/ScreenAlignedPixelToPixelUVs.uexp" 574
"../../../Engine/Plugins/Interchange/Runtime/Content/Utilities/T_Bayer64_Grayscale_64px.uasset" 575
"../../../Engine/Plugins/Interchange/Runtime/Content/Utilities/T_Bayer64_Grayscale_64px.uexp" 576
"../../../Engine/Plugins/Interchange/Runtime/Content/gltf/MaterialFunctions/MF_Temporal_Blur.uasset" 577
"../../../Engine/Plugins/Interchange/Runtime/Content/gltf/MaterialFunctions/MF_Temporal_Blur.uexp" 578
"../../../Engine/Plugins/Interchange/Runtime/Content/gltf/MaterialFunctions/MF_Fresnel_DS.uasset" 579
"../../../Engine/Plugins/Interchange/Runtime/Content/gltf/MaterialFunctions/MF_Fresnel_DS.uexp" 580
"../../../Engine/Plugins/Interchange/Runtime/Content/Functions/MX_Transmission.uasset" 581
"../../../Engine/Plugins/Interchange/Runtime/Content/Functions/MX_Transmission.uexp" 582
"../../../Engine/Plugins/Interchange/Runtime/Content/Functions/MF_OrenNayerView.uasset" 583
"../../../Engine/Plugins/Interchange/Runtime/Content/Functions/MF_OrenNayerView.uexp" 584
"../../../Engine/Plugins/Interchange/Runtime/Content/Functions/MF_SchlickApprox.uasset" 585
"../../../Engine/Plugins/Interchange/Runtime/Content/Functions/MF_SchlickApprox.uexp" 586
"../../../Engine/Plugins/Interchange/Runtime/Content/Utilities/New_LUT.uasset" 587
"../../../Engine/Plugins/Interchange/Runtime/Content/Utilities/New_LUT.uexp" 588
"../../../Engine/Content/Functions/Engine_MaterialFunctions03/Math/RemapValueRange.uasset" 589
"../../../Engine/Content/Functions/Engine_MaterialFunctions03/Math/RemapValueRange.uexp" 590
"../../../Engine/Plugins/Interchange/Runtime/Content/Functions/MF_Iridescence.uasset" 591
"../../../Engine/Plugins/Interchange/Runtime/Content/Functions/MF_Iridescence.uexp" 592
"../../../Engine/Plugins/Interchange/Runtime/Content/Functions/MX_StandardSurface.uasset" 593
"../../../Engine/Plugins/Interchange/Runtime/Content/Functions/MX_StandardSurface.uexp" 594
"../../../Engine/Plugins/Interchange/Runtime/Content/Functions/MX_TransmissionSurface.uasset" 595
"../../../Engine/Plugins/Interchange/Runtime/Content/Functions/MX_TransmissionSurface.uexp" 596
"../../../Engine/Content/Functions/Engine_MaterialFunctions02/Math/AddComponents.uasset" 597
"../../../Engine/Content/Functions/Engine_MaterialFunctions02/Math/AddComponents.uexp" 598
"../../../Engine/Content/Functions/Engine_MaterialFunctions02/WorldPositionOffset/V2/ObjectScale.uasset" 599
"../../../Engine/Content/Functions/Engine_MaterialFunctions02/WorldPositionOffset/V2/ObjectScale.uexp" 600
"../../../Engine/Plugins/Interchange/Runtime/Content/gltf/MaterialFunctions/MF_TransmissionOpacity.uasset" 601
"../../../Engine/Plugins/Interchange/Runtime/Content/gltf/MaterialFunctions/MF_TransmissionOpacity.uexp" 602
"../../../Engine/Plugins/Interchange/Runtime/Content/gltf/MaterialFunctions/MF_RotateV2.uasset" 603
"../../../Engine/Plugins/Interchange/Runtime/Content/gltf/MaterialFunctions/MF_RotateV2.uexp" 604
"../../../Engine/Plugins/Interchange/Runtime/Content/gltf/MaterialFunctions/MF_TransformUVs.uasset" 605
"../../../Engine/Plugins/Interchange/Runtime/Content/gltf/MaterialFunctions/MF_TransformUVs.uexp" 606
"../../../Engine/Plugins/Interchange/Runtime/Content/gltf/Textures/T_White_srgb.uasset" 607
"../../../Engine/Plugins/Interchange/Runtime/Content/gltf/Textures/T_White_srgb.uexp" 608
"../../../Engine/Plugins/Interchange/Runtime/Content/gltf/MaterialFunctions/MF_BaseColor.uasset" 609
"../../../Engine/Plugins/Interchange/Runtime/Content/gltf/MaterialFunctions/MF_BaseColor.uexp" 610
"../../../Engine/Plugins/Interchange/Runtime/Content/gltf/MaterialFunctions/MF_DiffuseSpecGloss.uasset" 611
"../../../Engine/Plugins/Interchange/Runtime/Content/gltf/MaterialFunctions/MF_DiffuseSpecGloss.uexp" 612
"../../../Engine/Plugins/Interchange/Runtime/Content/gltf/Textures/T_White_Linear.uasset" 613
"../../../Engine/Plugins/Interchange/Runtime/Content/gltf/Textures/T_White_Linear.uexp" 614
"../../../Engine/Plugins/Interchange/Runtime/Content/gltf/MaterialFunctions/MF_MetallicRoughness.uasset" 615
"../../../Engine/Plugins/Interchange/Runtime/Content/gltf/MaterialFunctions/MF_MetallicRoughness.uexp" 616
"../../../Engine/Plugins/Interchange/Runtime/Content/gltf/MaterialFunctions/MF_Transmission.uasset" 617
"../../../Engine/Plugins/Interchange/Runtime/Content/gltf/MaterialFunctions/MF_Transmission.uexp" 618
"../../../Engine/Plugins/Interchange/Runtime/Content/gltf/MaterialFunctions/MF_Occlusion.uasset" 619
"../../../Engine/Plugins/Interchange/Runtime/Content/gltf/MaterialFunctions/MF_Occlusion.uexp" 620
"../../../Engine/Plugins/Interchange/Runtime/Content/gltf/MaterialFunctions/MF_Specular.uasset" 621
"../../../Engine/Plugins/Interchange/Runtime/Content/gltf/MaterialFunctions/MF_Specular.uexp" 622
"../../../Engine/Plugins/Interchange/Runtime/Content/gltf/MaterialFunctions/MF_IOR.uasset" 623
"../../../Engine/Plugins/Interchange/Runtime/Content/gltf/MaterialFunctions/MF_IOR.uexp" 624
"../../../Engine/Content/Functions/Engine_MaterialFunctions01/Texturing/FlattenNormal.uasset" 625
"../../../Engine/Content/Functions/Engine_MaterialFunctions01/Texturing/FlattenNormal.uexp" 626
"../../../Engine/Content/Functions/Engine_MaterialFunctions02/Math/Transform3x3Matrix.uasset" 627
"../../../Engine/Content/Functions/Engine_MaterialFunctions02/Math/Transform3x3Matrix.uexp" 628
"../../../Engine/Plugins/Interchange/Runtime/Content/gltf/MaterialFunctions/MF_RotateNormals_TS.uasset" 629
"../../../Engine/Plugins/Interchange/Runtime/Content/gltf/MaterialFunctions/MF_RotateNormals_TS.uexp" 630
"../../../Engine/Plugins/Interchange/Runtime/Content/gltf/Textures/T_Generic_N.uasset" 631
"../../../Engine/Plugins/Interchange/Runtime/Content/gltf/Textures/T_Generic_N.uexp" 632
"../../../Engine/Plugins/Interchange/Runtime/Content/gltf/MaterialFunctions/MF_Normals.uasset" 633
"../../../Engine/Plugins/Interchange/Runtime/Content/gltf/MaterialFunctions/MF_Normals.uexp" 634
"../../../Engine/Plugins/Interchange/Runtime/Content/gltf/MaterialFunctions/MF_PerceivedBrightness.uasset" 635
"../../../Engine/Plugins/Interchange/Runtime/Content/gltf/MaterialFunctions/MF_PerceivedBrightness.uexp" 636
"../../../Engine/Plugins/Interchange/Runtime/Content/gltf/MaterialFunctions/MF_SpecGlossToMetalRoughness.uasset" 637
"../../../Engine/Plugins/Interchange/Runtime/Content/gltf/MaterialFunctions/MF_SpecGlossToMetalRoughness.uexp" 638
"../../../Engine/Plugins/Interchange/Runtime/Content/gltf/M_Transmission.uasset" 639
"../../../Engine/Plugins/Interchange/Runtime/Content/gltf/M_Transmission.uexp" 640
"../../../Engine/Plugins/Interchange/Runtime/Content/gltf/MaterialInstances_MR/MI_Transmission_TS.uasset" 641
"../../../Engine/Plugins/Interchange/Runtime/Content/gltf/MaterialInstances_MR/MI_Transmission_TS.uexp" 642
"../../../Engine/Plugins/Interchange/Runtime/Content/gltf/MaterialInstances_MR/MI_Transmission.uasset" 643
"../../../Engine/Plugins/Interchange/Runtime/Content/gltf/MaterialInstances_MR/MI_Transmission.uexp" 644
"../../../Engine/Plugins/Interchange/Runtime/Content/gltf/MaterialFunctions/MF_Clearcoat.uasset" 645
"../../../Engine/Plugins/Interchange/Runtime/Content/gltf/MaterialFunctions/MF_Clearcoat.uexp" 646
"../../../Engine/Plugins/Interchange/Runtime/Content/gltf/MaterialFunctions/MF_Emissive.uasset" 647
"../../../Engine/Plugins/Interchange/Runtime/Content/gltf/MaterialFunctions/MF_Emissive.uexp" 648
"../../../Engine/Plugins/Interchange/Runtime/Content/gltf/M_Translucent.uasset" 649
"../../../Engine/Plugins/Interchange/Runtime/Content/gltf/M_Translucent.uexp" 650
"../../../Engine/Plugins/Interchange/Runtime/Content/gltf/MaterialInstances_MR/MI_Translucent_TS.uasset" 651
"../../../Engine/Plugins/Interchange/Runtime/Content/gltf/MaterialInstances_MR/MI_Translucent_TS.uexp" 652
"../../../Engine/Plugins/Interchange/Runtime/Content/gltf/MaterialInstances_MR/MI_Translucent_ClearCoat_TS.uasset" 653
"../../../Engine/Plugins/Interchange/Runtime/Content/gltf/MaterialInstances_MR/MI_Translucent_ClearCoat_TS.uexp" 654
"../../../Engine/Plugins/Interchange/Runtime/Content/gltf/MaterialInstances_MR/MI_Translucent_ClearCoat.uasset" 655
"../../../Engine/Plugins/Interchange/Runtime/Content/gltf/MaterialInstances_MR/MI_Translucent_ClearCoat.uexp" 656
"../../../Engine/Plugins/Interchange/Runtime/Content/gltf/MaterialInstances_MR/MI_Translucent.uasset" 657
"../../../Engine/Plugins/Interchange/Runtime/Content/gltf/MaterialInstances_MR/MI_Translucent.uexp" 658
"../../../Engine/Plugins/Interchange/Runtime/Content/gltf/M_Unlit.uasset" 659
"../../../Engine/Plugins/Interchange/Runtime/Content/gltf/M_Unlit.uexp" 660
"../../../Engine/Plugins/Interchange/Runtime/Content/gltf/MaterialInstances_MR/MI_Opaque_Unlit_TS.uasset" 661
"../../../Engine/Plugins/Interchange/Runtime/Content/gltf/MaterialInstances_MR/MI_Opaque_Unlit_TS.uexp" 662
"../../../Engine/Plugins/Interchange/Runtime/Content/gltf/MaterialInstances_MR/MI_Opaque_Unlit.uasset" 663
"../../../Engine/Plugins/Interchange/Runtime/Content/gltf/MaterialInstances_MR/MI_Opaque_Unlit.uexp" 664
"../../../Engine/Plugins/Interchange/Runtime/Content/gltf/M_Opaque.uasset" 665
"../../../Engine/Plugins/Interchange/Runtime/Content/gltf/M_Opaque.uexp" 666
"../../../Engine/Plugins/Interchange/Runtime/Content/gltf/MaterialInstances_MR/MI_Opaque_TS.uasset" 667
"../../../Engine/Plugins/Interchange/Runtime/Content/gltf/MaterialInstances_MR/MI_Opaque_TS.uexp" 668
"../../../Engine/Plugins/Interchange/Runtime/Content/gltf/MaterialFunctions/MF_Sheen.uasset" 669
"../../../Engine/Plugins/Interchange/Runtime/Content/gltf/MaterialFunctions/MF_Sheen.uexp" 670
"../../../Engine/Content/Functions/Engine_MaterialFunctions01/Shading/FuzzyShading.uasset" 671
"../../../Engine/Content/Functions/Engine_MaterialFunctions01/Shading/FuzzyShading.uexp" 672
"../../../Engine/Plugins/Interchange/Runtime/Content/gltf/M_Sheen.uasset" 673
"../../../Engine/Plugins/Interchange/Runtime/Content/gltf/M_Sheen.uexp" 674
"../../../Engine/Plugins/Interchange/Runtime/Content/gltf/MaterialInstances_MR/MI_Opaque_Sheen_TS.uasset" 675
"../../../Engine/Plugins/Interchange/Runtime/Content/gltf/MaterialInstances_MR/MI_Opaque_Sheen_TS.uexp" 676
"../../../Engine/Plugins/Interchange/Runtime/Content/gltf/MaterialInstances_MR/MI_Opaque_Sheen.uasset" 677
"../../../Engine/Plugins/Interchange/Runtime/Content/gltf/MaterialInstances_MR/MI_Opaque_Sheen.uexp" 678
"../../../Engine/Plugins/Interchange/Runtime/Content/gltf/MaterialInstances_MR/MI_Opaque_ClearCoat_TS.uasset" 679
"../../../Engine/Plugins/Interchange/Runtime/Content/gltf/MaterialInstances_MR/MI_Opaque_ClearCoat_TS.uexp" 680
"../../../Engine/Plugins/Interchange/Runtime/Content/gltf/MaterialInstances_MR/MI_Opaque_ClearCoat.uasset" 681
"../../../Engine/Plugins/Interchange/Runtime/Content/gltf/MaterialInstances_MR/MI_Opaque_ClearCoat.uexp" 682
"../../../Engine/Plugins/Interchange/Runtime/Content/gltf/MaterialInstances_MR/MI_Opaque.uasset" 683
"../../../Engine/Plugins/Interchange/Runtime/Content/gltf/MaterialInstances_MR/MI_Opaque.uexp" 684
"../../../Engine/Plugins/Interchange/Runtime/Content/gltf/MaterialInstances_SG/MI_Transmission_TS.uasset" 685
"../../../Engine/Plugins/Interchange/Runtime/Content/gltf/MaterialInstances_SG/MI_Transmission_TS.uexp" 686
"../../../Engine/Plugins/Interchange/Runtime/Content/gltf/MaterialInstances_SG/MI_Transmission.uasset" 687
"../../../Engine/Plugins/Interchange/Runtime/Content/gltf/MaterialInstances_SG/MI_Transmission.uexp" 688
"../../../Engine/Plugins/Interchange/Runtime/Content/gltf/MaterialInstances_SG/MI_Translucent_TS.uasset" 689
"../../../Engine/Plugins/Interchange/Runtime/Content/gltf/MaterialInstances_SG/MI_Translucent_TS.uexp" 690
"../../../Engine/Plugins/Interchange/Runtime/Content/gltf/MaterialInstances_SG/MI_Translucent_ClearCoat_TS.uasset" 691
"../../../Engine/Plugins/Interchange/Runtime/Content/gltf/MaterialInstances_SG/MI_Translucent_ClearCoat_TS.uexp" 692
"../../../Engine/Plugins/Interchange/Runtime/Content/gltf/MaterialInstances_SG/MI_Translucent_ClearCoat.uasset" 693
"../../../Engine/Plugins/Interchange/Runtime/Content/gltf/MaterialInstances_SG/MI_Translucent_ClearCoat.uexp" 694
"../../../Engine/Plugins/Interchange/Runtime/Content/gltf/MaterialInstances_SG/MI_Translucent.uasset" 695
"../../../Engine/Plugins/Interchange/Runtime/Content/gltf/MaterialInstances_SG/MI_Translucent.uexp" 696
"../../../Engine/Plugins/Interchange/Runtime/Content/gltf/MaterialInstances_SG/MI_Opaque_TS.uasset" 697
"../../../Engine/Plugins/Interchange/Runtime/Content/gltf/MaterialInstances_SG/MI_Opaque_TS.uexp" 698
"../../../Engine/Plugins/Interchange/Runtime/Content/gltf/MaterialInstances_SG/MI_Opaque_Sheen_TS.uasset" 699
"../../../Engine/Plugins/Interchange/Runtime/Content/gltf/MaterialInstances_SG/MI_Opaque_Sheen_TS.uexp" 700
"../../../Engine/Plugins/Interchange/Runtime/Content/gltf/MaterialInstances_SG/MI_Opaque_Sheen.uasset" 701
"../../../Engine/Plugins/Interchange/Runtime/Content/gltf/MaterialInstances_SG/MI_Opaque_Sheen.uexp" 702
"../../../Engine/Plugins/Interchange/Runtime/Content/gltf/MaterialInstances_SG/MI_Opaque_ClearCoat_TS.uasset" 703
"../../../Engine/Plugins/Interchange/Runtime/Content/gltf/MaterialInstances_SG/MI_Opaque_ClearCoat_TS.uexp" 704
"../../../Engine/Plugins/Interchange/Runtime/Content/gltf/MaterialInstances_SG/MI_Opaque_ClearCoat.uasset" 705
"../../../Engine/Plugins/Interchange/Runtime/Content/gltf/MaterialInstances_SG/MI_Opaque_ClearCoat.uexp" 706
"../../../Engine/Plugins/Interchange/Runtime/Content/gltf/MaterialInstances_SG/MI_Opaque.uasset" 707
"../../../Engine/Plugins/Interchange/Runtime/Content/gltf/MaterialInstances_SG/MI_Opaque.uexp" 708
"../../../Engine/Plugins/Interchange/Runtime/Content/gltf/Textures/T_Gray_Linear.uasset" 709
"../../../Engine/Plugins/Interchange/Runtime/Content/gltf/Textures/T_Gray_Linear.uexp" 710
"../../../Engine/Plugins/Interchange/Runtime/Content/gltf/Textures/T_Black_srgb.uasset" 711
"../../../Engine/Plugins/Interchange/Runtime/Content/gltf/Textures/T_Black_srgb.uexp" 712
"../../../Engine/Plugins/Interchange/Runtime/Content/Materials/UnlitMaterial.uasset" 713
"../../../Engine/Plugins/Interchange/Runtime/Content/Materials/UnlitMaterial.uexp" 714
"../../../Engine/Content/EngineMaterials/DefaultNormal.ubulk" 715
"../../../Engine/Content/EngineMaterials/DefaultNormal.uasset" 716
"../../../Engine/Content/EngineMaterials/DefaultNormal.uexp" 717
"../../../Engine/Plugins/Interchange/Runtime/Content/Materials/MapOrScalarFunction.uasset" 718
"../../../Engine/Plugins/Interchange/Runtime/Content/Materials/MapOrScalarFunction.uexp" 719
"../../../Engine/Plugins/Interchange/Runtime/Content/Materials/MapOrLinearColorFunction.uasset" 720
"../../../Engine/Plugins/Interchange/Runtime/Content/Materials/MapOrLinearColorFunction.uexp" 721
"../../../Engine/Plugins/Interchange/Runtime/Content/Materials/MapOrColorFunction.uasset" 722
"../../../Engine/Plugins/Interchange/Runtime/Content/Materials/MapOrColorFunction.uexp" 723
"../../../Engine/Plugins/Interchange/Runtime/Content/Materials/CommonMaterial.uasset" 724
"../../../Engine/Plugins/Interchange/Runtime/Content/Materials/CommonMaterial.uexp" 725
"../../../Engine/Plugins/Interchange/Runtime/Content/Materials/PBRSurfaceFunction.uasset" 726
"../../../Engine/Plugins/Interchange/Runtime/Content/Materials/PBRSurfaceFunction.uexp" 727
"../../../Engine/Plugins/Interchange/Runtime/Content/Materials/ThinTranslucentMaterial.uasset" 728
"../../../Engine/Plugins/Interchange/Runtime/Content/Materials/ThinTranslucentMaterial.uexp" 729
"../../../Engine/Plugins/Interchange/Runtime/Content/Materials/SubsurfaceMaterial.uasset" 730
"../../../Engine/Plugins/Interchange/Runtime/Content/Materials/SubsurfaceMaterial.uexp" 731
"../../../Engine/Plugins/Interchange/Runtime/Content/Materials/SheenMaterial.uasset" 732
"../../../Engine/Plugins/Interchange/Runtime/Content/Materials/SheenMaterial.uexp" 733
"../../../Engine/Content/Functions/Engine_MaterialFunctions01/Shading/ConvertFromDiffSpec.uasset" 734
"../../../Engine/Content/Functions/Engine_MaterialFunctions01/Shading/ConvertFromDiffSpec.uexp" 735
"../../../Engine/Plugins/Interchange/Runtime/Content/Materials/PhongSurfaceMaterial.uasset" 736
"../../../Engine/Plugins/Interchange/Runtime/Content/Materials/PhongSurfaceMaterial.uexp" 737
"../../../Engine/Plugins/Interchange/Runtime/Content/Materials/PBRSurfaceMaterial.uasset" 738
"../../../Engine/Plugins/Interchange/Runtime/Content/Materials/PBRSurfaceMaterial.uexp" 739
"../../../Engine/Content/EngineMaterials/FlatNormal.uasset" 740
"../../../Engine/Content/EngineMaterials/FlatNormal.uexp" 741
"../../../Engine/Content/EditorLandscapeResources/WhiteSquareTexture.uasset" 742
"../../../Engine/Content/EditorLandscapeResources/WhiteSquareTexture.uexp" 743
"../../../Engine/Plugins/Interchange/Runtime/Content/Materials/OrenNayerMaterial.uasset" 744
"../../../Engine/Plugins/Interchange/Runtime/Content/Materials/OrenNayerMaterial.uexp" 745
"../../../Engine/Plugins/Interchange/Runtime/Content/Materials/LambertSurfaceMaterial.uasset" 746
"../../../Engine/Plugins/Interchange/Runtime/Content/Materials/LambertSurfaceMaterial.uexp" 747
"../../../Engine/Plugins/Interchange/Runtime/Content/Materials/ClearCoatMaterial.uasset" 748
"../../../Engine/Plugins/Interchange/Runtime/Content/Materials/ClearCoatMaterial.uexp" 749
"../../../Engine/Plugins/Interchange/Runtime/Content/Pipelines/DefaultTexturePipeline.uasset" 750
"../../../Engine/Plugins/Interchange/Runtime/Content/Pipelines/DefaultTexturePipeline.uexp" 751
"../../../Engine/Plugins/Interchange/Runtime/Content/Pipelines/DefaultSceneLevelPipeline.uasset" 752
"../../../Engine/Plugins/Interchange/Runtime/Content/Pipelines/DefaultSceneLevelPipeline.uexp" 753
"../../../Engine/Plugins/Interchange/Runtime/Content/Pipelines/DefaultSceneAssetsPipeline.uasset" 754
"../../../Engine/Plugins/Interchange/Runtime/Content/Pipelines/DefaultSceneAssetsPipeline.uexp" 755
"../../../Engine/Plugins/Interchange/Runtime/Content/Pipelines/DefaultMaterialPipeline.uasset" 756
"../../../Engine/Plugins/Interchange/Runtime/Content/Pipelines/DefaultMaterialPipeline.uexp" 757
"../../../Engine/Plugins/Interchange/Runtime/Content/Pipelines/DefaultAssetsPipeline.uasset" 758
"../../../Engine/Plugins/Interchange/Runtime/Content/Pipelines/DefaultAssetsPipeline.uexp" 759
"../../../Engine/Plugins/Runtime/MeshModelingToolset/Content/Materials/M_DynamicMeshComponentVtxColor.uasset" 760
"../../../Engine/Plugins/Runtime/MeshModelingToolset/Content/Materials/M_DynamicMeshComponentVtxColor.uexp" 761
"../../../Engine/Content/BasicShapes/Cube.ubulk" 762
"../../../Engine/Content/BasicShapes/Cube.uasset" 763
"../../../Engine/Content/BasicShapes/Cube.uexp" 764
"../../../Engine/Content/BasicShapes/BasicShapeMaterial.uasset" 765
"../../../Engine/Content/BasicShapes/BasicShapeMaterial.uexp" 766
"D:/Repos/HotelSimulator/PeterSimulator/Content/Blueprints/BP_TestSpinCube.uasset" 767
"D:/Repos/HotelSimulator/PeterSimulator/Content/Blueprints/BP_TestSpinCube.uexp" 768
"D:/Repos/HotelSimulator/PeterSimulator/Content/FirstPerson/Input/Actions/IA_StandUp.uasset" 769
"D:/Repos/HotelSimulator/PeterSimulator/Content/FirstPerson/Input/Actions/IA_StandUp.uexp" 770
"D:/Repos/HotelSimulator/PeterSimulator/Content/FirstPerson/Input/Actions/IA_Look.uasset" 771
"D:/Repos/HotelSimulator/PeterSimulator/Content/FirstPerson/Input/Actions/IA_Look.uexp" 772
"D:/Repos/HotelSimulator/PeterSimulator/Content/FirstPerson/Input/Actions/IA_Interact.uasset" 773
"D:/Repos/HotelSimulator/PeterSimulator/Content/FirstPerson/Input/Actions/IA_Interact.uexp" 774
"D:/Repos/HotelSimulator/PeterSimulator/Content/FirstPerson/Input/IMC_SittingDown.uasset" 775
"D:/Repos/HotelSimulator/PeterSimulator/Content/FirstPerson/Input/IMC_SittingDown.uexp" 776
"D:/Repos/HotelSimulator/PeterSimulator/Content/Blueprints/BPS_InteractableActorStructure.uasset" 777
"D:/Repos/HotelSimulator/PeterSimulator/Content/Blueprints/BPS_InteractableActorStructure.uexp" 778
"D:/Repos/HotelSimulator/PeterSimulator/Content/Blueprints/BP_DeskMaster.uasset" 779
"D:/Repos/HotelSimulator/PeterSimulator/Content/Blueprints/BP_DeskMaster.uexp" 780
"D:/Repos/HotelSimulator/PeterSimulator/Content/FirstPerson/Input/Actions/IA_Pause.uasset" 781
"D:/Repos/HotelSimulator/PeterSimulator/Content/FirstPerson/Input/Actions/IA_Pause.uexp" 782
"D:/Repos/HotelSimulator/PeterSimulator/Content/FirstPerson/Input/Actions/IA_Move.uasset" 783
"D:/Repos/HotelSimulator/PeterSimulator/Content/FirstPerson/Input/Actions/IA_Move.uexp" 784
"D:/Repos/HotelSimulator/PeterSimulator/Content/FirstPerson/Input/Actions/IA_Jump.uasset" 785
"D:/Repos/HotelSimulator/PeterSimulator/Content/FirstPerson/Input/Actions/IA_Jump.uexp" 786
"D:/Repos/HotelSimulator/PeterSimulator/Content/FirstPerson/Input/IMC_Walking.uasset" 787
"D:/Repos/HotelSimulator/PeterSimulator/Content/FirstPerson/Input/IMC_Walking.uexp" 788
"D:/Repos/HotelSimulator/PeterSimulator/Content/Images/Computer/I_TaskBar.uasset" 789
"D:/Repos/HotelSimulator/PeterSimulator/Content/Images/Computer/I_TaskBar.uexp" 790
"D:/Repos/HotelSimulator/PeterSimulator/Content/Images/Computer/I_Rotaready.uasset" 791
"D:/Repos/HotelSimulator/PeterSimulator/Content/Images/Computer/I_Rotaready.uexp" 792
"D:/Repos/HotelSimulator/PeterSimulator/Content/Images/Computer/I_BrowserTopBar.uasset" 793
"D:/Repos/HotelSimulator/PeterSimulator/Content/Images/Computer/I_BrowserTopBar.uexp" 794
"D:/Repos/HotelSimulator/PeterSimulator/Content/OfficeScene/Materials/M_ExecutiveChairPlastic.uasset" 795
"D:/Repos/HotelSimulator/PeterSimulator/Content/OfficeScene/Materials/M_ExecutiveChairPlastic.uexp" 796
"D:/Repos/HotelSimulator/PeterSimulator/Content/OfficeScene/Materials/M_ExecutiveChairMetal.uasset" 797
"D:/Repos/HotelSimulator/PeterSimulator/Content/OfficeScene/Materials/M_ExecutiveChairMetal.uexp" 798
"D:/Repos/HotelSimulator/PeterSimulator/Content/OfficeScene/Textures/T_ExecutiveChair_BC.ubulk" 799
"D:/Repos/HotelSimulator/PeterSimulator/Content/OfficeScene/Textures/T_ExecutiveChair_BC.uasset" 800
"D:/Repos/HotelSimulator/PeterSimulator/Content/OfficeScene/Textures/T_ExecutiveChair_BC.uexp" 801
"D:/Repos/HotelSimulator/PeterSimulator/Content/OfficeScene/Textures/T_Laptop_ORM.ubulk" 802
"D:/Repos/HotelSimulator/PeterSimulator/Content/OfficeScene/Textures/T_Laptop_ORM.uasset" 803
"D:/Repos/HotelSimulator/PeterSimulator/Content/OfficeScene/Textures/T_Laptop_ORM.uexp" 804
"D:/Repos/HotelSimulator/PeterSimulator/Content/OfficeScene/Textures/T_Laptop_N.ubulk" 805
"D:/Repos/HotelSimulator/PeterSimulator/Content/OfficeScene/Textures/T_Laptop_N.uasset" 806
"D:/Repos/HotelSimulator/PeterSimulator/Content/OfficeScene/Textures/T_Laptop_N.uexp" 807
"D:/Repos/HotelSimulator/PeterSimulator/Content/OfficeScene/Textures/T_Laptop_BC.ubulk" 808
"D:/Repos/HotelSimulator/PeterSimulator/Content/OfficeScene/Textures/T_Laptop_BC.uasset" 809
"D:/Repos/HotelSimulator/PeterSimulator/Content/OfficeScene/Textures/T_Laptop_BC.uexp" 810
"D:/Repos/HotelSimulator/PeterSimulator/Content/OfficeScene/Materials/M_Laptop.uasset" 811
"D:/Repos/HotelSimulator/PeterSimulator/Content/OfficeScene/Materials/M_Laptop.uexp" 812
"D:/Repos/HotelSimulator/PeterSimulator/Content/OfficeScene/Textures/T_ExecutiveChair_N.ubulk" 813
"D:/Repos/HotelSimulator/PeterSimulator/Content/OfficeScene/Textures/T_ExecutiveChair_N.uasset" 814
"D:/Repos/HotelSimulator/PeterSimulator/Content/OfficeScene/Textures/T_ExecutiveChair_N.uexp" 815
"D:/Repos/HotelSimulator/PeterSimulator/Content/OfficeScene/Textures/T_ExecutiveChair_ORM.ubulk" 816
"D:/Repos/HotelSimulator/PeterSimulator/Content/OfficeScene/Textures/T_ExecutiveChair_ORM.uasset" 817
"D:/Repos/HotelSimulator/PeterSimulator/Content/OfficeScene/Textures/T_ExecutiveChair_ORM.uexp" 818
"D:/Repos/HotelSimulator/PeterSimulator/Content/OfficeScene/Materials/MI_ExecutiveChairSeat.uasset" 819
"D:/Repos/HotelSimulator/PeterSimulator/Content/OfficeScene/Materials/MI_ExecutiveChairSeat.uexp" 820
"D:/Repos/HotelSimulator/PeterSimulator/Content/OfficeScene/Meshes/SM_ExecutiveChair.ubulk" 821
"D:/Repos/HotelSimulator/PeterSimulator/Content/OfficeScene/Meshes/SM_ExecutiveChair.uasset" 822
"D:/Repos/HotelSimulator/PeterSimulator/Content/OfficeScene/Meshes/SM_ExecutiveChair.uexp" 823
"D:/Repos/HotelSimulator/PeterSimulator/Content/OfficeScene/Textures/T_Rubber_R.ubulk" 824
"D:/Repos/HotelSimulator/PeterSimulator/Content/OfficeScene/Textures/T_Rubber_R.uasset" 825
"D:/Repos/HotelSimulator/PeterSimulator/Content/OfficeScene/Textures/T_Rubber_R.uexp" 826
"D:/Repos/HotelSimulator/PeterSimulator/Content/OfficeScene/Textures/T_Rubber_N.ubulk" 827
"D:/Repos/HotelSimulator/PeterSimulator/Content/OfficeScene/Textures/T_Rubber_N.uasset" 828
"D:/Repos/HotelSimulator/PeterSimulator/Content/OfficeScene/Textures/T_Rubber_N.uexp" 829
"D:/Repos/HotelSimulator/PeterSimulator/Content/OfficeScene/Materials/M_Rubber.uasset" 830
"D:/Repos/HotelSimulator/PeterSimulator/Content/OfficeScene/Materials/M_Rubber.uexp" 831
"D:/Repos/HotelSimulator/PeterSimulator/Content/OfficeScene/Materials/MI_MousepadRuber.uasset" 832
"D:/Repos/HotelSimulator/PeterSimulator/Content/OfficeScene/Materials/MI_MousepadRuber.uexp" 833
"D:/Repos/HotelSimulator/PeterSimulator/Content/OfficeScene/Textures/T_Fabric_N.ubulk" 834
"D:/Repos/HotelSimulator/PeterSimulator/Content/OfficeScene/Textures/T_Fabric_N.uasset" 835
"D:/Repos/HotelSimulator/PeterSimulator/Content/OfficeScene/Textures/T_Fabric_N.uexp" 836
"D:/Repos/HotelSimulator/PeterSimulator/Content/OfficeScene/Textures/T_Fabric_R.ubulk" 837
"D:/Repos/HotelSimulator/PeterSimulator/Content/OfficeScene/Textures/T_Fabric_R.uasset" 838
"D:/Repos/HotelSimulator/PeterSimulator/Content/OfficeScene/Textures/T_Fabric_R.uexp" 839
"D:/Repos/HotelSimulator/PeterSimulator/Content/OfficeScene/Materials/M_Fabric.uasset" 840
"D:/Repos/HotelSimulator/PeterSimulator/Content/OfficeScene/Materials/M_Fabric.uexp" 841
"D:/Repos/HotelSimulator/PeterSimulator/Content/OfficeScene/Materials/MI_MousepadFabric.uasset" 842
"D:/Repos/HotelSimulator/PeterSimulator/Content/OfficeScene/Materials/MI_MousepadFabric.uexp" 843
"D:/Repos/HotelSimulator/PeterSimulator/Content/OfficeScene/Meshes/SM_Mousepad.ubulk" 844
"D:/Repos/HotelSimulator/PeterSimulator/Content/OfficeScene/Meshes/SM_Mousepad.uasset" 845
"D:/Repos/HotelSimulator/PeterSimulator/Content/OfficeScene/Meshes/SM_Mousepad.uexp" 846
"D:/Repos/HotelSimulator/PeterSimulator/Content/OfficeScene/Meshes/SM_Laptop.ubulk" 847
"D:/Repos/HotelSimulator/PeterSimulator/Content/OfficeScene/Meshes/SM_Laptop.uasset" 848
"D:/Repos/HotelSimulator/PeterSimulator/Content/OfficeScene/Meshes/SM_Laptop.uexp" 849
"D:/Repos/HotelSimulator/PeterSimulator/Content/OfficeScene/Textures/T_Keyboard_ORM.ubulk" 850
"D:/Repos/HotelSimulator/PeterSimulator/Content/OfficeScene/Textures/T_Keyboard_ORM.uasset" 851
"D:/Repos/HotelSimulator/PeterSimulator/Content/OfficeScene/Textures/T_Keyboard_ORM.uexp" 852
"D:/Repos/HotelSimulator/PeterSimulator/Content/OfficeScene/Textures/T_Keyboard_N.ubulk" 853
"D:/Repos/HotelSimulator/PeterSimulator/Content/OfficeScene/Textures/T_Keyboard_N.uasset" 854
"D:/Repos/HotelSimulator/PeterSimulator/Content/OfficeScene/Textures/T_Keyboard_N.uexp" 855
"D:/Repos/HotelSimulator/PeterSimulator/Content/OfficeScene/Textures/T_Keyboard_BC.ubulk" 856
"D:/Repos/HotelSimulator/PeterSimulator/Content/OfficeScene/Textures/T_Keyboard_BC.uasset" 857
"D:/Repos/HotelSimulator/PeterSimulator/Content/OfficeScene/Textures/T_Keyboard_BC.uexp" 858
"D:/Repos/HotelSimulator/PeterSimulator/Content/OfficeScene/Materials/MI_Keyboard.uasset" 859
"D:/Repos/HotelSimulator/PeterSimulator/Content/OfficeScene/Materials/MI_Keyboard.uexp" 860
"D:/Repos/HotelSimulator/PeterSimulator/Content/OfficeScene/Meshes/SM_Keyboard.ubulk" 861
"D:/Repos/HotelSimulator/PeterSimulator/Content/OfficeScene/Meshes/SM_Keyboard.uasset" 862
"D:/Repos/HotelSimulator/PeterSimulator/Content/OfficeScene/Meshes/SM_Keyboard.uexp" 863
"D:/Repos/HotelSimulator/PeterSimulator/Content/OfficeScene/Textures/T_Pencils_N.ubulk" 864
"D:/Repos/HotelSimulator/PeterSimulator/Content/OfficeScene/Textures/T_Pencils_N.uasset" 865
"D:/Repos/HotelSimulator/PeterSimulator/Content/OfficeScene/Textures/T_Pencils_N.uexp" 866
"D:/Repos/HotelSimulator/PeterSimulator/Content/OfficeScene/Textures/T_Pencils_BC.ubulk" 867
"D:/Repos/HotelSimulator/PeterSimulator/Content/OfficeScene/Textures/T_Pencils_BC.uasset" 868
"D:/Repos/HotelSimulator/PeterSimulator/Content/OfficeScene/Textures/T_Pencils_BC.uexp" 869
"D:/Repos/HotelSimulator/PeterSimulator/Content/OfficeScene/Textures/T_Pencils_ORM.ubulk" 870
"D:/Repos/HotelSimulator/PeterSimulator/Content/OfficeScene/Textures/T_Pencils_ORM.uasset" 871
"D:/Repos/HotelSimulator/PeterSimulator/Content/OfficeScene/Textures/T_Pencils_ORM.uexp" 872
"D:/Repos/HotelSimulator/PeterSimulator/Content/OfficeScene/Materials/MI_Pencils.uasset" 873
"D:/Repos/HotelSimulator/PeterSimulator/Content/OfficeScene/Materials/MI_Pencils.uexp" 874
"D:/Repos/HotelSimulator/PeterSimulator/Content/OfficeScene/Meshes/SM_FountainPen.ubulk" 875
"D:/Repos/HotelSimulator/PeterSimulator/Content/OfficeScene/Meshes/SM_FountainPen.uasset" 876
"D:/Repos/HotelSimulator/PeterSimulator/Content/OfficeScene/Meshes/SM_FountainPen.uexp" 877
"D:/Repos/HotelSimulator/PeterSimulator/Content/OfficeScene/Textures/T_Melamine_R.ubulk" 878
"D:/Repos/HotelSimulator/PeterSimulator/Content/OfficeScene/Textures/T_Melamine_R.uasset" 879
"D:/Repos/HotelSimulator/PeterSimulator/Content/OfficeScene/Textures/T_Melamine_R.uexp" 880
"D:/Repos/HotelSimulator/PeterSimulator/Content/OfficeScene/Textures/T_Melamine_N.ubulk" 881
"D:/Repos/HotelSimulator/PeterSimulator/Content/OfficeScene/Textures/T_Melamine_N.uasset" 882
"D:/Repos/HotelSimulator/PeterSimulator/Content/OfficeScene/Textures/T_Melamine_N.uexp" 883
"D:/Repos/HotelSimulator/PeterSimulator/Content/OfficeScene/Materials/M_Melamine.uasset" 884
"D:/Repos/HotelSimulator/PeterSimulator/Content/OfficeScene/Materials/M_Melamine.uexp" 885
"D:/Repos/HotelSimulator/PeterSimulator/Content/OfficeScene/Materials/MI_MelamineWhite.uasset" 886
"D:/Repos/HotelSimulator/PeterSimulator/Content/OfficeScene/Materials/MI_MelamineWhite.uexp" 887
"D:/Repos/HotelSimulator/PeterSimulator/Content/OfficeScene/Materials/MI_MelamineSecondColor.uasset" 888
"D:/Repos/HotelSimulator/PeterSimulator/Content/OfficeScene/Materials/MI_MelamineSecondColor.uexp" 889
"D:/Repos/HotelSimulator/PeterSimulator/Content/OfficeScene/Meshes/SM_ExecutiveDesk.ubulk" 890
"D:/Repos/HotelSimulator/PeterSimulator/Content/OfficeScene/Meshes/SM_ExecutiveDesk.uasset" 891
"D:/Repos/HotelSimulator/PeterSimulator/Content/OfficeScene/Meshes/SM_ExecutiveDesk.uexp" 892
"D:/Repos/HotelSimulator/PeterSimulator/Content/OfficeScene/Textures/T_Monitor_N.ubulk" 893
"D:/Repos/HotelSimulator/PeterSimulator/Content/OfficeScene/Textures/T_Monitor_N.uasset" 894
"D:/Repos/HotelSimulator/PeterSimulator/Content/OfficeScene/Textures/T_Monitor_N.uexp" 895
"D:/Repos/HotelSimulator/PeterSimulator/Content/OfficeScene/Textures/T_Monitor_ORM.ubulk" 896
"D:/Repos/HotelSimulator/PeterSimulator/Content/OfficeScene/Textures/T_Monitor_ORM.uasset" 897
"D:/Repos/HotelSimulator/PeterSimulator/Content/OfficeScene/Textures/T_Monitor_ORM.uexp" 898
"D:/Repos/HotelSimulator/PeterSimulator/Content/OfficeScene/Textures/T_Monitor_BC.ubulk" 899
"D:/Repos/HotelSimulator/PeterSimulator/Content/OfficeScene/Textures/T_Monitor_BC.uasset" 900
"D:/Repos/HotelSimulator/PeterSimulator/Content/OfficeScene/Textures/T_Monitor_BC.uexp" 901
"D:/Repos/HotelSimulator/PeterSimulator/Content/OfficeScene/Materials/MI_Monitor.uasset" 902
"D:/Repos/HotelSimulator/PeterSimulator/Content/OfficeScene/Materials/MI_Monitor.uexp" 903
"D:/Repos/HotelSimulator/PeterSimulator/Content/OfficeScene/Meshes/SM_Monitor.ubulk" 904
"D:/Repos/HotelSimulator/PeterSimulator/Content/OfficeScene/Meshes/SM_Monitor.uasset" 905
"D:/Repos/HotelSimulator/PeterSimulator/Content/OfficeScene/Meshes/SM_Monitor.uexp" 906
"D:/Repos/HotelSimulator/PeterSimulator/Content/OfficeScene/Textures/T_Mouse__N.ubulk" 907
"D:/Repos/HotelSimulator/PeterSimulator/Content/OfficeScene/Textures/T_Mouse__N.uasset" 908
"D:/Repos/HotelSimulator/PeterSimulator/Content/OfficeScene/Textures/T_Mouse__N.uexp" 909
"D:/Repos/HotelSimulator/PeterSimulator/Content/OfficeScene/Textures/T_Mouse_ORM.ubulk" 910
"D:/Repos/HotelSimulator/PeterSimulator/Content/OfficeScene/Textures/T_Mouse_ORM.uasset" 911
"D:/Repos/HotelSimulator/PeterSimulator/Content/OfficeScene/Textures/T_Mouse_ORM.uexp" 912
"D:/Repos/HotelSimulator/PeterSimulator/Content/OfficeScene/Textures/T_Mouse_BC.ubulk" 913
"D:/Repos/HotelSimulator/PeterSimulator/Content/OfficeScene/Textures/T_Mouse_BC.uasset" 914
"D:/Repos/HotelSimulator/PeterSimulator/Content/OfficeScene/Textures/T_Mouse_BC.uexp" 915
"D:/Repos/HotelSimulator/PeterSimulator/Content/OfficeScene/Materials/MI_Mouse.uasset" 916
"D:/Repos/HotelSimulator/PeterSimulator/Content/OfficeScene/Materials/MI_Mouse.uexp" 917
"D:/Repos/HotelSimulator/PeterSimulator/Content/OfficeScene/Meshes/SM_Mouse.ubulk" 918
"D:/Repos/HotelSimulator/PeterSimulator/Content/OfficeScene/Meshes/SM_Mouse.uasset" 919
"D:/Repos/HotelSimulator/PeterSimulator/Content/OfficeScene/Meshes/SM_Mouse.uexp" 920
"D:/Repos/HotelSimulator/PeterSimulator/Content/OfficeScene/Textures/T_DeskLamp_N.ubulk" 921
"D:/Repos/HotelSimulator/PeterSimulator/Content/OfficeScene/Textures/T_DeskLamp_N.uasset" 922
"D:/Repos/HotelSimulator/PeterSimulator/Content/OfficeScene/Textures/T_DeskLamp_N.uexp" 923
"D:/Repos/HotelSimulator/PeterSimulator/Content/OfficeScene/Textures/T_DeskLamp_ORM.ubulk" 924
"D:/Repos/HotelSimulator/PeterSimulator/Content/OfficeScene/Textures/T_DeskLamp_ORM.uasset" 925
"D:/Repos/HotelSimulator/PeterSimulator/Content/OfficeScene/Textures/T_DeskLamp_ORM.uexp" 926
"D:/Repos/HotelSimulator/PeterSimulator/Content/OfficeScene/Textures/T_DeskLamp_BC.ubulk" 927
"D:/Repos/HotelSimulator/PeterSimulator/Content/OfficeScene/Textures/T_DeskLamp_BC.uasset" 928
"D:/Repos/HotelSimulator/PeterSimulator/Content/OfficeScene/Textures/T_DeskLamp_BC.uexp" 929
"D:/Repos/HotelSimulator/PeterSimulator/Content/OfficeScene/Materials/MI_DeskLamp.uasset" 930
"D:/Repos/HotelSimulator/PeterSimulator/Content/OfficeScene/Materials/MI_DeskLamp.uexp" 931
"D:/Repos/HotelSimulator/PeterSimulator/Content/OfficeScene/Meshes/SM_DeskLamp.ubulk" 932
"D:/Repos/HotelSimulator/PeterSimulator/Content/OfficeScene/Meshes/SM_DeskLamp.uasset" 933
"D:/Repos/HotelSimulator/PeterSimulator/Content/OfficeScene/Meshes/SM_DeskLamp.uexp" 934
"../../../Engine/Content/EditorBlueprintResources/StandardMacros.uasset" 935
"../../../Engine/Content/EditorBlueprintResources/StandardMacros.uexp" 936
"D:/Repos/HotelSimulator/PeterSimulator/Content/OfficeScene/Textures/T_Notebook_BC.ubulk" 937
"D:/Repos/HotelSimulator/PeterSimulator/Content/OfficeScene/Textures/T_Notebook_BC.uasset" 938
"D:/Repos/HotelSimulator/PeterSimulator/Content/OfficeScene/Textures/T_Notebook_BC.uexp" 939
"D:/Repos/HotelSimulator/PeterSimulator/Content/OfficeScene/Textures/T_Notebook_N.ubulk" 940
"D:/Repos/HotelSimulator/PeterSimulator/Content/OfficeScene/Textures/T_Notebook_N.uasset" 941
"D:/Repos/HotelSimulator/PeterSimulator/Content/OfficeScene/Textures/T_Notebook_N.uexp" 942
"D:/Repos/HotelSimulator/PeterSimulator/Content/OfficeScene/Textures/T_Notebook_ORM.ubulk" 943
"D:/Repos/HotelSimulator/PeterSimulator/Content/OfficeScene/Textures/T_Notebook_ORM.uasset" 944
"D:/Repos/HotelSimulator/PeterSimulator/Content/OfficeScene/Textures/T_Notebook_ORM.uexp" 945
"D:/Repos/HotelSimulator/PeterSimulator/Content/OfficeScene/Materials/MI_Notebook.uasset" 946
"D:/Repos/HotelSimulator/PeterSimulator/Content/OfficeScene/Materials/MI_Notebook.uexp" 947
"D:/Repos/HotelSimulator/PeterSimulator/Content/OfficeScene/Meshes/SM_Notebook.ubulk" 948
"D:/Repos/HotelSimulator/PeterSimulator/Content/OfficeScene/Meshes/SM_Notebook.uasset" 949
"D:/Repos/HotelSimulator/PeterSimulator/Content/OfficeScene/Meshes/SM_Notebook.uexp" 950
"D:/Repos/HotelSimulator/PeterSimulator/Content/Blueprints/BPC_Desk1.uasset" 951
"D:/Repos/HotelSimulator/PeterSimulator/Content/Blueprints/BPC_Desk1.uexp" 952
"D:/Repos/HotelSimulator/PeterSimulator/Content/UserInterface/PC/WBP_Managment.uasset" 953
"D:/Repos/HotelSimulator/PeterSimulator/Content/UserInterface/PC/WBP_Managment.uexp" 954
"D:/Repos/HotelSimulator/PeterSimulator/Content/Images/Computer/I_JCB.uasset" 955
"D:/Repos/HotelSimulator/PeterSimulator/Content/Images/Computer/I_JCB.uexp" 956
"D:/Repos/HotelSimulator/PeterSimulator/Content/UserInterface/PC/WBP_Constructions.uasset" 957
"D:/Repos/HotelSimulator/PeterSimulator/Content/UserInterface/PC/WBP_Constructions.uexp" 958
"D:/Repos/HotelSimulator/PeterSimulator/Content/Images/Computer/I_Amazon.uasset" 959
"D:/Repos/HotelSimulator/PeterSimulator/Content/Images/Computer/I_Amazon.uexp" 960
"D:/Repos/HotelSimulator/PeterSimulator/Content/UserInterface/PC/WBP_Shopping.uasset" 961
"D:/Repos/HotelSimulator/PeterSimulator/Content/UserInterface/PC/WBP_Shopping.uexp" 962
"D:/Repos/HotelSimulator/PeterSimulator/Content/Images/Computer/I_DesktopWallpaper.uasset" 963
"D:/Repos/HotelSimulator/PeterSimulator/Content/Images/Computer/I_DesktopWallpaper.uexp" 964
"D:/Repos/HotelSimulator/PeterSimulator/Content/UserInterface/PC/WBP_Desktop.uasset" 965
"D:/Repos/HotelSimulator/PeterSimulator/Content/UserInterface/PC/WBP_Desktop.uexp" 966
"D:/Repos/HotelSimulator/PeterSimulator/Content/UserInterface/WBP_MonitorScreen.uasset" 967
"D:/Repos/HotelSimulator/PeterSimulator/Content/UserInterface/WBP_MonitorScreen.uexp" 968
"D:/Repos/HotelSimulator/PeterSimulator/Content/UserInterface/WBP_HUD.uasset" 969
"D:/Repos/HotelSimulator/PeterSimulator/Content/UserInterface/WBP_HUD.uexp" 970
"D:/Repos/HotelSimulator/PeterSimulator/Content/Images/WIP-Marco/I_TempLogo_HotelSim.uasset" 971
"D:/Repos/HotelSimulator/PeterSimulator/Content/Images/WIP-Marco/I_TempLogo_HotelSim.uexp" 972
"D:/Repos/HotelSimulator/PeterSimulator/Content/UserInterface/Menues/WBP_PauseMenu.uasset" 973
"D:/Repos/HotelSimulator/PeterSimulator/Content/UserInterface/Menues/WBP_PauseMenu.uexp" 974
"D:/Repos/HotelSimulator/PeterSimulator/Content/UserInterface/Menues/WBP_Paused.uasset" 975
"D:/Repos/HotelSimulator/PeterSimulator/Content/UserInterface/Menues/WBP_Paused.uexp" 976
"D:/Repos/HotelSimulator/PeterSimulator/Content/FirstPerson/Input/IMC_Default.uasset" 977
"D:/Repos/HotelSimulator/PeterSimulator/Content/FirstPerson/Input/IMC_Default.uexp" 978
"D:/Repos/HotelSimulator/PeterSimulator/Content/Images/I_HotelSizeBoxBackgroundTemp.uasset" 979
"D:/Repos/HotelSimulator/PeterSimulator/Content/Images/I_HotelSizeBoxBackgroundTemp.uexp" 980
"D:/Repos/HotelSimulator/PeterSimulator/Content/UserInterface/Menues/WBP_MainMenu.uasset" 981
"D:/Repos/HotelSimulator/PeterSimulator/Content/UserInterface/Menues/WBP_MainMenu.uexp" 982
"D:/Repos/HotelSimulator/PeterSimulator/Content/FirstPerson/Blueprints/BP_FirstPersonCharacter.uasset" 983
"D:/Repos/HotelSimulator/PeterSimulator/Content/FirstPerson/Blueprints/BP_FirstPersonCharacter.uexp" 984
"D:/Repos/HotelSimulator/PeterSimulator/Content/Blueprints/GameInstance/GI_MainGameInstance.uasset" 985
"D:/Repos/HotelSimulator/PeterSimulator/Content/Blueprints/GameInstance/GI_MainGameInstance.uexp" 986
"D:/Repos/HotelSimulator/PeterSimulator/Content/Blueprints/Menu/BP_Spawn.uasset" 987
"D:/Repos/HotelSimulator/PeterSimulator/Content/Blueprints/Menu/BP_Spawn.uexp" 988
"D:/Repos/HotelSimulator/PeterSimulator/Content/LevelPrototyping/Textures/T_GridChecker_A.ubulk" 989
"D:/Repos/HotelSimulator/PeterSimulator/Content/LevelPrototyping/Textures/T_GridChecker_A.uasset" 990
"D:/Repos/HotelSimulator/PeterSimulator/Content/LevelPrototyping/Textures/T_GridChecker_A.uexp" 991
"../../../Engine/Content/Functions/Engine_MaterialFunctions01/Gradient/LinearGradient.uasset" 992
"../../../Engine/Content/Functions/Engine_MaterialFunctions01/Gradient/LinearGradient.uexp" 993
"../../../Engine/Content/Functions/Engine_MaterialFunctions01/ImageAdjustment/CheapContrast.uasset" 994
"../../../Engine/Content/Functions/Engine_MaterialFunctions01/ImageAdjustment/CheapContrast.uexp" 995
"D:/Repos/HotelSimulator/PeterSimulator/Content/LevelPrototyping/Materials/MF_ProcGrid.uasset" 996
"D:/Repos/HotelSimulator/PeterSimulator/Content/LevelPrototyping/Materials/MF_ProcGrid.uexp" 997
"D:/Repos/HotelSimulator/PeterSimulator/Content/LevelPrototyping/Materials/M_PrototypeGrid.uasset" 998
"D:/Repos/HotelSimulator/PeterSimulator/Content/LevelPrototyping/Materials/M_PrototypeGrid.uexp" 999
"D:/Repos/HotelSimulator/PeterSimulator/Content/LevelPrototyping/Materials/MI_PrototypeGrid_Gray.uasset" 1000
"D:/Repos/HotelSimulator/PeterSimulator/Content/LevelPrototyping/Materials/MI_PrototypeGrid_Gray.uexp" 1001
"D:/Repos/HotelSimulator/PeterSimulator/Content/LevelPrototyping/Meshes/SM_Cube.ubulk" 1002
"D:/Repos/HotelSimulator/PeterSimulator/Content/LevelPrototyping/Meshes/SM_Cube.uasset" 1003
"D:/Repos/HotelSimulator/PeterSimulator/Content/LevelPrototyping/Meshes/SM_Cube.uexp" 1004
"D:/Repos/HotelSimulator/PeterSimulator/Content/Materials/M_HighlightMat.uasset" 1005
"D:/Repos/HotelSimulator/PeterSimulator/Content/Materials/M_HighlightMat.uexp" 1006
"../../../Engine/Content/Maps/Entry_BuiltData.uasset" 1007
"../../../Engine/Content/Maps/Entry_BuiltData.uexp" 1008
"../../../Engine/Content/Maps/Entry.uexp" 1009
"../../../Engine/Content/Maps/Entry.umap" 1010
"D:/Repos/HotelSimulator/PeterSimulator/Content/FirstPerson/Blueprints/BP_FirstPersonGameMode.uasset" 1011
"D:/Repos/HotelSimulator/PeterSimulator/Content/FirstPerson/Blueprints/BP_FirstPersonGameMode.uexp" 1012
"../../../Engine/Content/Maps/Templates/HLODs/HLODLayer_Instanced.uasset" 1013
"../../../Engine/Content/Maps/Templates/HLODs/HLODLayer_Instanced.uexp" 1014
"D:/Repos/HotelSimulator/PeterSimulator/Content/FirstPersonMap.uexp" 1015
"D:/Repos/HotelSimulator/PeterSimulator/Content/FirstPersonMap.umap" 1016
