[+] Containers:
 |- [+] Container: /Game/Levels/HotelAlfaMap
 |   |- [+] ActorDescs:
 |   |   |- Guid:00C1512B4763AF18C137CD927AF6079A BaseClass: NativeClass:/Script/CinematicCamera.CineCameraActor Name:CineCameraActor_UAID_F02F741C1523682302_1680697759 Label:FPV_SitDown SpatiallyLoaded:1 Bounds:IsValid=true, Min=(X=1345.000 Y=825.000 Z=185.000), Max=(X=1345.000 Y=825.000 Z=185.000) RuntimeGrid:None EditorOnly:0 RuntimeOnly:0 HLODRelevant:0
 |   |   |- Guid:023BA7434030BFBDFFF3538897F18D3F BaseClass: NativeClass:/Script/Engine.StaticMeshActor Name:StaticMeshActor_UAID_F02F741C1523998E02_2122900375 Label:Ground_2 SpatiallyLoaded:1 Bounds:IsValid=true, Min=(X=0.000 Y=3490.000 Z=-50.000), Max=(X=3000.000 Y=6990.000 Z=0.000) RuntimeGrid:None EditorOnly:0 RuntimeOnly:0 HLODRelevant:1 FolderPath:Grounds FolderGuid:6C02BB504B69D1F3D7A624B130C18E5B
 |   |   |- Guid:0CD526F04F4F5F94B42125AC44C58FA8 BaseClass:/Game/Blueprints/Room/BPCC_Bedroom.BPCC_Bedroom_C NativeClass:/Script/Engine.Actor Name:BPCC_Bedroom_C_UAID_F02F741C15233CCB02_1226053433 Label:BPCC_Bedroom5 SpatiallyLoaded:1 Bounds:IsValid=true, Min=(X=4562.000 Y=4113.000 Z=-32.000), Max=(X=4818.000 Y=4705.000 Z=32.000) RuntimeGrid:None EditorOnly:0 RuntimeOnly:0 HLODRelevant:0
 |   |   |- Guid:0EE499004EB196A26B8EE89500937FE8 BaseClass: NativeClass:/Script/Engine.ExponentialHeightFog Name:ExponentialHeightFog_0 Label:ExponentialHeightFog SpatiallyLoaded:0 Bounds:IsValid=true, Min=(X=-5600.000 Y=-50.000 Z=-6850.000), Max=(X=-5600.000 Y=-50.000 Z=-6850.000) RuntimeGrid:None EditorOnly:0 RuntimeOnly:0 HLODRelevant:0 FolderPath:Lighting FolderGuid:0BA5F0A04EADB18E70D5B180D08FA34B
 |   |   |- Guid:16B2C9C54958112B47D2DB8AEF1EB600 BaseClass: NativeClass:/Script/Engine.StaticMeshActor Name:StaticMeshActor_UAID_A4AE111137DC5EFB00_2001720423 Label:SM_SkySphere SpatiallyLoaded:0 Bounds:IsValid=true, Min=(X=-1638400.000 Y=-1638400.000 Z=-1638400.000), Max=(X=1638400.000 Y=1638400.000 Z=1638400.000) RuntimeGrid:None EditorOnly:0 RuntimeOnly:0 HLODRelevant:1 FolderPath:Lighting FolderGuid:0BA5F0A04EADB18E70D5B180D08FA34B
 |   |   |- Guid:275DD3ED4ECD1765D7CE55B0067F26EF BaseClass: NativeClass:/Script/Engine.PlayerStart Name:PlayerStart_0 Label:PlayerStart SpatiallyLoaded:0 Bounds:IsValid=true, Min=(X=2080.000 Y=1390.000 Z=0.013), Max=(X=2160.000 Y=1470.000 Z=184.013) RuntimeGrid:None EditorOnly:0 RuntimeOnly:0 HLODRelevant:0
 |   |   |- Guid:2B5FEFF84862F812B720A1AD860B4AB2 BaseClass: NativeClass:/Script/Engine.SkyAtmosphere Name:SkyAtmosphere_0 Label:SkyAtmosphere SpatiallyLoaded:0 Bounds:IsValid=true, Min=(X=0.000 Y=0.000 Z=1020.000), Max=(X=0.000 Y=0.000 Z=1020.000) RuntimeGrid:None EditorOnly:0 RuntimeOnly:0 HLODRelevant:0 FolderPath:Lighting FolderGuid:0BA5F0A04EADB18E70D5B180D08FA34B
 |   |   |- Guid:2C1752F349D8D035AD8CE9B6B79FC1A9 BaseClass: NativeClass:/Script/Engine.DirectionalLight Name:DirectionalLight_1 Label:DirectionalLight SpatiallyLoaded:0 Bounds:IsValid=true, Min=(X=-4398046511104.000 Y=-4398046511104.000 Z=-4398046511104.000), Max=(X=4398046511104.000 Y=4398046511104.000 Z=4398046511104.000) RuntimeGrid:None EditorOnly:0 RuntimeOnly:0 HLODRelevant:0 FolderPath:Lighting FolderGuid:0BA5F0A04EADB18E70D5B180D08FA34B
 |   |   |- Guid:2E91AE4044C36109C9A8B1B06368DF2D BaseClass: NativeClass:/Script/Engine.StaticMeshActor Name:StaticMeshActor_UAID_F02F741C15239A8E02_1201799552 Label:Ground_3 SpatiallyLoaded:1 Bounds:IsValid=true, Min=(X=3000.000 Y=3490.000 Z=-50.000), Max=(X=6000.000 Y=6990.000 Z=0.000) RuntimeGrid:None EditorOnly:0 RuntimeOnly:0 HLODRelevant:1 FolderPath:Grounds FolderGuid:6C02BB504B69D1F3D7A624B130C18E5B
 |   |   |- Guid:393225EB44196A9689FC4CBA282B36FD BaseClass:/Game/Blueprints/Room/BPC_BedroomMaster.BPC_BedroomMaster_C NativeClass:/Script/Engine.Actor Name:BPC_BedroomMaster_C_UAID_F02F741C15233CCB02_1971553436 Label:BPC_BedroomMaster SpatiallyLoaded:1 Bounds:IsValid=true, Min=(X=382.000 Y=3282.000 Z=0.000), Max=(X=382.000 Y=3282.000 Z=0.000) RuntimeGrid:None EditorOnly:0 RuntimeOnly:0 HLODRelevant:0
 |   |   |- Guid:3D4970684A40E010726F42990D327661 BaseClass: NativeClass:/Script/Engine.VolumetricCloud Name:VolumetricCloud_0 Label:VolumetricCloud SpatiallyLoaded:0 Bounds:IsValid=true, Min=(X=0.000 Y=0.000 Z=820.000), Max=(X=0.000 Y=0.000 Z=820.000) RuntimeGrid:None EditorOnly:0 RuntimeOnly:0 HLODRelevant:0 FolderPath:Lighting FolderGuid:0BA5F0A04EADB18E70D5B180D08FA34B
 |   |   |- Guid:4794B98E48285AFA0FC64C96BDBFFBD5 BaseClass:/Game/Blueprints/Interaction/BP_TestInteractionActor.BP_TestInteractionActor_C NativeClass:/Script/Engine.Actor Name:BP_TestInteractionActor_C_UAID_F02F741C1523E69902_1742300543 Label:BP_TestInteractionActor SpatiallyLoaded:1 Bounds:IsValid=true, Min=(X=1134.000 Y=1984.000 Z=-56.000), Max=(X=1246.000 Y=2096.000 Z=80.000) RuntimeGrid:None EditorOnly:0 RuntimeOnly:0 HLODRelevant:0
 |   |   |- Guid:4BF4959D4384062DAFCC2495428BDE04 BaseClass: NativeClass:/Script/NavigationSystem.NavMeshBoundsVolume Name:NavMeshBoundsVolume_UAID_F02F741C15239B8E02_1275300731 Label:NavMeshBoundsVolume SpatiallyLoaded:0 Bounds:IsValid=true, Min=(X=-110.000 Y=-1140.000 Z=-825.000), Max=(X=6390.000 Y=7460.000 Z=825.000) RuntimeGrid:None EditorOnly:0 RuntimeOnly:0 HLODRelevant:0
 |   |   |- Guid:56B11772414E8A19104ECEB109781F1E BaseClass:/Game/Blueprints/Room/BPCC_Bedroom.BPCC_Bedroom_C NativeClass:/Script/Engine.Actor Name:BPCC_Bedroom_C_UAID_F02F741C15233CCB02_1213500432 Label:BPCC_Bedroom4 SpatiallyLoaded:1 Bounds:IsValid=true, Min=(X=4053.000 Y=4344.000 Z=-32.000), Max=(X=4437.000 Y=4712.000 Z=32.000) RuntimeGrid:None EditorOnly:0 RuntimeOnly:0 HLODRelevant:0
 |   |   |- Guid:6F38C19149505908E7B1E29ACFDCEF43 BaseClass:/Game/Blueprints/Waypoints/BPC_ReceptionCustomerWaypoint.BPC_ReceptionCustomerWaypoint_C NativeClass:/Script/Engine.Actor Name:BPC_ReceptionCustomerWaypoint_C_UAID_F02F741C1523CBB402_1199169307 Label:BPC_ReceptionCustomerWaypoint SpatiallyLoaded:1 Bounds:IsValid=true, Min=(X=1480.000 Y=1530.000 Z=70.000), Max=(X=1480.000 Y=1530.000 Z=70.000) RuntimeGrid:None EditorOnly:0 RuntimeOnly:0 HLODRelevant:0
 |   |   |- Guid:80907FE745C342D39775468D4DBC127B BaseClass:/Game/Blueprints/Room/AI_Room/BP_RoomMaster.BP_RoomMaster_C NativeClass:/Script/Engine.Actor Name:BP_RoomMaster_C_UAID_F02F741C15239B8E02_1804576739 Label:BP_RoomMaster SpatiallyLoaded:1 Bounds:IsValid=true, Min=(X=1620.000 Y=6310.000 Z=0.000), Max=(X=1620.000 Y=6310.000 Z=0.000) RuntimeGrid:None EditorOnly:0 RuntimeOnly:0 HLODRelevant:0
 |   |   |- Guid:88737448482C23E921ACE0ABFEE511FF BaseClass: NativeClass:/Script/NavigationSystem.RecastNavMesh Name:RecastNavMesh_UAID_F02F741C15239B8E02-Default Label:RecastNavMesh-Default SpatiallyLoaded:0 Bounds:IsValid=true, Min=(X=0.000 Y=0.000 Z=0.000), Max=(X=0.000 Y=0.000 Z=0.000) RuntimeGrid:None EditorOnly:0 RuntimeOnly:0 HLODRelevant:0
 |   |   |- Guid:97FF9D684DF038A43239B68C46C50880 BaseClass:/Game/Blueprints/Room/BPCC_Bedroom.BPCC_Bedroom_C NativeClass:/Script/Engine.Actor Name:BPCC_Bedroom_C_UAID_F02F741C15233CCB02_1154224429 Label:BPCC_Bedroom SpatiallyLoaded:1 Bounds:IsValid=true, Min=(X=3252.000 Y=3153.000 Z=-32.000), Max=(X=3652.000 Y=3921.000 Z=32.000) RuntimeGrid:None EditorOnly:0 RuntimeOnly:0 HLODRelevant:0
 |   |   |- Guid:9C57D69140943919FF3EB8AC2AD698CE BaseClass: NativeClass:/Script/Engine.StaticMeshActor Name:StaticMeshActor_UAID_F02F741C15239A8E02_1781362553 Label:Ground_4 SpatiallyLoaded:1 Bounds:IsValid=true, Min=(X=3000.000 Y=0.000 Z=-50.000), Max=(X=6000.000 Y=3500.000 Z=0.000) RuntimeGrid:None EditorOnly:0 RuntimeOnly:0 HLODRelevant:1 FolderPath:Grounds FolderGuid:6C02BB504B69D1F3D7A624B130C18E5B
 |   |   |- Guid:B4AE58A9442278B0D6511889890AFF0B BaseClass:/Game/Blueprints/Room/BPCC_Bedroom.BPCC_Bedroom_C NativeClass:/Script/Engine.Actor Name:BPCC_Bedroom_C_UAID_F02F741C15233CCB02_1236500434 Label:BPCC_Bedroom6 SpatiallyLoaded:1 Bounds:IsValid=true, Min=(X=4497.000 Y=3147.000 Z=-32.000), Max=(X=4849.000 Y=3595.000 Z=32.000) RuntimeGrid:None EditorOnly:0 RuntimeOnly:0 HLODRelevant:0
 |   |   |- Guid:C0D3401149393F46D6BB97A444C06FB7 BaseClass: NativeClass:/Script/Engine.PostProcessVolume Name:PostProcessVolume_0 Label:PostProcessVolume SpatiallyLoaded:0 Bounds:IsValid=true, Min=(X=0.000 Y=0.000 Z=400.000), Max=(X=200.000 Y=200.000 Z=600.000) RuntimeGrid:None EditorOnly:0 RuntimeOnly:0 HLODRelevant:0 FolderPath:Lighting FolderGuid:0BA5F0A04EADB18E70D5B180D08FA34B
 |   |   |- Guid:C2A5485E48DB953C9863F5AAF647D59F BaseClass:/Game/Blueprints/Room/BPCC_Bedroom.BPCC_Bedroom_C NativeClass:/Script/Engine.Actor Name:BPCC_Bedroom_C_UAID_F02F741C15233CCB02_1192453430 Label:BPCC_Bedroom2 SpatiallyLoaded:1 Bounds:IsValid=true, Min=(X=2973.000 Y=4323.000 Z=-32.000), Max=(X=3309.000 Y=4739.000 Z=32.000) RuntimeGrid:None EditorOnly:0 RuntimeOnly:0 HLODRelevant:0
 |   |   |- Guid:D25386D343AFD43902400D9CBC8DD6D3 BaseClass:/Game/AI/BP_Customer.BP_Customer_C NativeClass:/Script/Engine.Character Name:BP_CustomerTest_C_UAID_F02F741C15232EB402_1799380675 Label:BP_CustomerTest SpatiallyLoaded:1 Bounds:IsValid=true, Min=(X=634.000 Y=1234.000 Z=0.000), Max=(X=746.000 Y=1346.000 Z=192.000) RuntimeGrid:None EditorOnly:0 RuntimeOnly:0 HLODRelevant:0
 |   |   |- Guid:D6F833D84DFF742F5A16C1AA5234F044 BaseClass:/Game/Blueprints/BP_OpenCloseSign.BP_OpenCloseSign_C NativeClass:/Script/Engine.Actor Name:BP_OpenCloseSign_C_UAID_F02F741C1523779002_2144891503 Label:BP_OpenCloseSign SpatiallyLoaded:1 Bounds:IsValid=true, Min=(X=1092.000 Y=1554.000 Z=82.000), Max=(X=1108.000 Y=1586.000 Z=100.000) RuntimeGrid:None EditorOnly:0 RuntimeOnly:0 HLODRelevant:0
 |   |   |- Guid:D7B4A5ED4260A3534F69EAAAB36236AF BaseClass:/Game/Blueprints/Waypoints/BP_WayPointMaster.BP_WayPointMaster_C NativeClass:/Script/Engine.Actor Name:BP_WayPointMaster_C_UAID_F02F741C1523CBB402_1202593308 Label:BP_WayPointMaster SpatiallyLoaded:1 Bounds:IsValid=true, Min=(X=360.000 Y=5910.000 Z=0.000), Max=(X=360.000 Y=5910.000 Z=0.000) RuntimeGrid:None EditorOnly:0 RuntimeOnly:0 HLODRelevant:0
 |   |   |- Guid:E0432E7D4703F7422C335982D54C82E7 BaseClass:/Game/Blueprints/Room/BPCC_Bedroom.BPCC_Bedroom_C NativeClass:/Script/Engine.Actor Name:BPCC_Bedroom_C_UAID_F02F741C15233CCB02_1250411435 Label:BPCC_Bedroom7 SpatiallyLoaded:1 Bounds:IsValid=true, Min=(X=3761.000 Y=3250.000 Z=-32.000), Max=(X=4065.000 Y=3810.000 Z=32.000) RuntimeGrid:None EditorOnly:0 RuntimeOnly:0 HLODRelevant:0
 |   |   |- Guid:E3756BC54FD178C999FFAF9E81E21E2B BaseClass:/Game/Blueprints/Waypoints/BPC_ExitWaypoint.BPC_ExitWaypoint_C NativeClass:/Script/Engine.Actor Name:BPC_ExitWaypoint_C_UAID_F02F741C1523DFB602_1899080940 Label:BPC_ExitWaypoint SpatiallyLoaded:1 Bounds:IsValid=true, Min=(X=350.000 Y=340.000 Z=0.000), Max=(X=350.000 Y=340.000 Z=0.000) RuntimeGrid:None EditorOnly:0 RuntimeOnly:0 HLODRelevant:0
 |   |   |- Guid:E800BD6A4775339ED0F947887FE027BA BaseClass: NativeClass:/Script/Engine.SkyLight Name:SkyLight_0 Label:SkyLight SpatiallyLoaded:0 Bounds:IsValid=true, Min=(X=0.000 Y=0.000 Z=690.000), Max=(X=0.000 Y=0.000 Z=690.000) RuntimeGrid:None EditorOnly:0 RuntimeOnly:0 HLODRelevant:0 FolderPath:Lighting FolderGuid:0BA5F0A04EADB18E70D5B180D08FA34B
 |   |   |- Guid:EF91D20745452BFB258D3E865166603C BaseClass: NativeClass:/Script/Engine.StaticMeshActor Name:StaticMeshActor_0 Label:Ground_1 SpatiallyLoaded:1 Bounds:IsValid=true, Min=(X=0.000 Y=0.000 Z=-50.000), Max=(X=3000.000 Y=3500.000 Z=0.000) RuntimeGrid:None EditorOnly:0 RuntimeOnly:0 HLODRelevant:1 FolderPath:Grounds FolderGuid:6C02BB504B69D1F3D7A624B130C18E5B
 |   |   |- Guid:F324BC05443E5AC967392BB16622CF6E BaseClass:/Game/Blueprints/Room/BPCC_Bedroom.BPCC_Bedroom_C NativeClass:/Script/Engine.Actor Name:BPCC_Bedroom_C_UAID_F02F741C15233CCB02_1202806431 Label:BPCC_Bedroom3 SpatiallyLoaded:1 Bounds:IsValid=true, Min=(X=3463.000 Y=4404.000 Z=-32.000), Max=(X=3927.000 Y=4724.000 Z=32.000) RuntimeGrid:None EditorOnly:0 RuntimeOnly:0 HLODRelevant:0
 |   |   |- Guid:F77764CE4CBF7514C291FBB8B9BEA92C BaseClass: NativeClass:/Script/Engine.WorldDataLayers Name:WorldDataLayers Label:WorldDataLayers SpatiallyLoaded:0 Bounds:IsValid=true, Min=(X=0.000 Y=0.000 Z=0.000), Max=(X=0.000 Y=0.000 Z=0.000) RuntimeGrid:None EditorOnly:0 RuntimeOnly:0 HLODRelevant:0
 |   |   |- Guid:F99EE1E5421521875DDA5787362B9D3E BaseClass:/Game/Blueprints/Interaction/BP_TestInteractionActor.BP_TestInteractionActor_C NativeClass:/Script/Engine.Actor Name:BP_TestInteractionActor_C_UAID_F02F741C1523E69902_2036586584 Label:BP_TestInteractionActor2 SpatiallyLoaded:1 Bounds:IsValid=true, Min=(X=1134.000 Y=1754.000 Z=-56.000), Max=(X=1246.000 Y=1866.000 Z=80.000) RuntimeGrid:None EditorOnly:0 RuntimeOnly:0 HLODRelevant:0
 |   |   |- Guid:FC0FF9B243766416463CFB86877E189A BaseClass:/Game/Blueprints/Desks/BPC_Desk1.BPC_Desk1_C NativeClass:/Script/Engine.Actor Name:BPC_Desk1_C_UAID_F02F741C1523E90A02_1723278063 Label:BPC_Desk1 SpatiallyLoaded:1 Bounds:IsValid=true, Min=(X=-82.276 Y=-13.251 Z=-152.000), Max=(X=1542.432 Y=2011.403 Z=173.849) RuntimeGrid:None EditorOnly:0 RuntimeOnly:0 HLODRelevant:1
 |   |- [+] Clusters:
 |   |   |- [+] [  0]
 |   |   |   |- Guid:00C1512B4763AF18C137CD927AF6079A BaseClass: NativeClass:/Script/CinematicCamera.CineCameraActor Name:CineCameraActor_UAID_F02F741C1523682302_1680697759 Label:FPV_SitDown SpatiallyLoaded:1 Bounds:IsValid=true, Min=(X=1345.000 Y=825.000 Z=185.000), Max=(X=1345.000 Y=825.000 Z=185.000) RuntimeGrid:None EditorOnly:0 RuntimeOnly:0 HLODRelevant:0
 |   |   |- [+] [  1]
 |   |   |   |- Guid:C0D3401149393F46D6BB97A444C06FB7 BaseClass: NativeClass:/Script/Engine.PostProcessVolume Name:PostProcessVolume_0 Label:PostProcessVolume SpatiallyLoaded:0 Bounds:IsValid=true, Min=(X=0.000 Y=0.000 Z=400.000), Max=(X=200.000 Y=200.000 Z=600.000) RuntimeGrid:None EditorOnly:0 RuntimeOnly:0 HLODRelevant:0 FolderPath:Lighting FolderGuid:0BA5F0A04EADB18E70D5B180D08FA34B
 |   |   |- [+] [  2]
 |   |   |   |- Guid:275DD3ED4ECD1765D7CE55B0067F26EF BaseClass: NativeClass:/Script/Engine.PlayerStart Name:PlayerStart_0 Label:PlayerStart SpatiallyLoaded:0 Bounds:IsValid=true, Min=(X=2080.000 Y=1390.000 Z=0.013), Max=(X=2160.000 Y=1470.000 Z=184.013) RuntimeGrid:None EditorOnly:0 RuntimeOnly:0 HLODRelevant:0
 |   |   |- [+] [  3]
 |   |   |   |- Guid:D25386D343AFD43902400D9CBC8DD6D3 BaseClass:/Game/AI/BP_Customer.BP_Customer_C NativeClass:/Script/Engine.Character Name:BP_CustomerTest_C_UAID_F02F741C15232EB402_1799380675 Label:BP_CustomerTest SpatiallyLoaded:1 Bounds:IsValid=true, Min=(X=634.000 Y=1234.000 Z=0.000), Max=(X=746.000 Y=1346.000 Z=192.000) RuntimeGrid:None EditorOnly:0 RuntimeOnly:0 HLODRelevant:0
 |   |   |- [+] [  4]
 |   |   |   |- Guid:EF91D20745452BFB258D3E865166603C BaseClass: NativeClass:/Script/Engine.StaticMeshActor Name:StaticMeshActor_0 Label:Ground_1 SpatiallyLoaded:1 Bounds:IsValid=true, Min=(X=0.000 Y=0.000 Z=-50.000), Max=(X=3000.000 Y=3500.000 Z=0.000) RuntimeGrid:None EditorOnly:0 RuntimeOnly:0 HLODRelevant:1 FolderPath:Grounds FolderGuid:6C02BB504B69D1F3D7A624B130C18E5B
 |   |   |- [+] [  5]
 |   |   |   |- Guid:9C57D69140943919FF3EB8AC2AD698CE BaseClass: NativeClass:/Script/Engine.StaticMeshActor Name:StaticMeshActor_UAID_F02F741C15239A8E02_1781362553 Label:Ground_4 SpatiallyLoaded:1 Bounds:IsValid=true, Min=(X=3000.000 Y=0.000 Z=-50.000), Max=(X=6000.000 Y=3500.000 Z=0.000) RuntimeGrid:None EditorOnly:0 RuntimeOnly:0 HLODRelevant:1 FolderPath:Grounds FolderGuid:6C02BB504B69D1F3D7A624B130C18E5B
 |   |   |- [+] [  6]
 |   |   |   |- Guid:16B2C9C54958112B47D2DB8AEF1EB600 BaseClass: NativeClass:/Script/Engine.StaticMeshActor Name:StaticMeshActor_UAID_A4AE111137DC5EFB00_2001720423 Label:SM_SkySphere SpatiallyLoaded:0 Bounds:IsValid=true, Min=(X=-1638400.000 Y=-1638400.000 Z=-1638400.000), Max=(X=1638400.000 Y=1638400.000 Z=1638400.000) RuntimeGrid:None EditorOnly:0 RuntimeOnly:0 HLODRelevant:1 FolderPath:Lighting FolderGuid:0BA5F0A04EADB18E70D5B180D08FA34B
 |   |   |- [+] [  7]
 |   |   |   |- Guid:F77764CE4CBF7514C291FBB8B9BEA92C BaseClass: NativeClass:/Script/Engine.WorldDataLayers Name:WorldDataLayers Label:WorldDataLayers SpatiallyLoaded:0 Bounds:IsValid=true, Min=(X=0.000 Y=0.000 Z=0.000), Max=(X=0.000 Y=0.000 Z=0.000) RuntimeGrid:None EditorOnly:0 RuntimeOnly:0 HLODRelevant:0
 |   |   |- [+] [  8]
 |   |   |   |- Guid:D7B4A5ED4260A3534F69EAAAB36236AF BaseClass:/Game/Blueprints/Waypoints/BP_WayPointMaster.BP_WayPointMaster_C NativeClass:/Script/Engine.Actor Name:BP_WayPointMaster_C_UAID_F02F741C1523CBB402_1202593308 Label:BP_WayPointMaster SpatiallyLoaded:1 Bounds:IsValid=true, Min=(X=360.000 Y=5910.000 Z=0.000), Max=(X=360.000 Y=5910.000 Z=0.000) RuntimeGrid:None EditorOnly:0 RuntimeOnly:0 HLODRelevant:0
 |   |   |- [+] [  9]
 |   |   |   |- Guid:2C1752F349D8D035AD8CE9B6B79FC1A9 BaseClass: NativeClass:/Script/Engine.DirectionalLight Name:DirectionalLight_1 Label:DirectionalLight SpatiallyLoaded:0 Bounds:IsValid=true, Min=(X=-4398046511104.000 Y=-4398046511104.000 Z=-4398046511104.000), Max=(X=4398046511104.000 Y=4398046511104.000 Z=4398046511104.000) RuntimeGrid:None EditorOnly:0 RuntimeOnly:0 HLODRelevant:0 FolderPath:Lighting FolderGuid:0BA5F0A04EADB18E70D5B180D08FA34B
 |   |   |- [+] [ 10]
 |   |   |   |- Guid:D6F833D84DFF742F5A16C1AA5234F044 BaseClass:/Game/Blueprints/BP_OpenCloseSign.BP_OpenCloseSign_C NativeClass:/Script/Engine.Actor Name:BP_OpenCloseSign_C_UAID_F02F741C1523779002_2144891503 Label:BP_OpenCloseSign SpatiallyLoaded:1 Bounds:IsValid=true, Min=(X=1092.000 Y=1554.000 Z=82.000), Max=(X=1108.000 Y=1586.000 Z=100.000) RuntimeGrid:None EditorOnly:0 RuntimeOnly:0 HLODRelevant:0
 |   |   |- [+] [ 11]
 |   |   |   |- Guid:0EE499004EB196A26B8EE89500937FE8 BaseClass: NativeClass:/Script/Engine.ExponentialHeightFog Name:ExponentialHeightFog_0 Label:ExponentialHeightFog SpatiallyLoaded:0 Bounds:IsValid=true, Min=(X=-5600.000 Y=-50.000 Z=-6850.000), Max=(X=-5600.000 Y=-50.000 Z=-6850.000) RuntimeGrid:None EditorOnly:0 RuntimeOnly:0 HLODRelevant:0 FolderPath:Lighting FolderGuid:0BA5F0A04EADB18E70D5B180D08FA34B
 |   |   |- [+] [ 12]
 |   |   |   |- Guid:E3756BC54FD178C999FFAF9E81E21E2B BaseClass:/Game/Blueprints/Waypoints/BPC_ExitWaypoint.BPC_ExitWaypoint_C NativeClass:/Script/Engine.Actor Name:BPC_ExitWaypoint_C_UAID_F02F741C1523DFB602_1899080940 Label:BPC_ExitWaypoint SpatiallyLoaded:1 Bounds:IsValid=true, Min=(X=350.000 Y=340.000 Z=0.000), Max=(X=350.000 Y=340.000 Z=0.000) RuntimeGrid:None EditorOnly:0 RuntimeOnly:0 HLODRelevant:0
 |   |   |- [+] [ 13]
 |   |   |   |- Guid:80907FE745C342D39775468D4DBC127B BaseClass:/Game/Blueprints/Room/AI_Room/BP_RoomMaster.BP_RoomMaster_C NativeClass:/Script/Engine.Actor Name:BP_RoomMaster_C_UAID_F02F741C15239B8E02_1804576739 Label:BP_RoomMaster SpatiallyLoaded:1 Bounds:IsValid=true, Min=(X=1620.000 Y=6310.000 Z=0.000), Max=(X=1620.000 Y=6310.000 Z=0.000) RuntimeGrid:None EditorOnly:0 RuntimeOnly:0 HLODRelevant:0
 |   |   |- [+] [ 14]
 |   |   |   |- Guid:88737448482C23E921ACE0ABFEE511FF BaseClass: NativeClass:/Script/NavigationSystem.RecastNavMesh Name:RecastNavMesh_UAID_F02F741C15239B8E02-Default Label:RecastNavMesh-Default SpatiallyLoaded:0 Bounds:IsValid=true, Min=(X=0.000 Y=0.000 Z=0.000), Max=(X=0.000 Y=0.000 Z=0.000) RuntimeGrid:None EditorOnly:0 RuntimeOnly:0 HLODRelevant:0
 |   |   |- [+] [ 15]
 |   |   |   |- Guid:E800BD6A4775339ED0F947887FE027BA BaseClass: NativeClass:/Script/Engine.SkyLight Name:SkyLight_0 Label:SkyLight SpatiallyLoaded:0 Bounds:IsValid=true, Min=(X=0.000 Y=0.000 Z=690.000), Max=(X=0.000 Y=0.000 Z=690.000) RuntimeGrid:None EditorOnly:0 RuntimeOnly:0 HLODRelevant:0 FolderPath:Lighting FolderGuid:0BA5F0A04EADB18E70D5B180D08FA34B
 |   |   |- [+] [ 16]
 |   |   |   |- Guid:393225EB44196A9689FC4CBA282B36FD BaseClass:/Game/Blueprints/Room/BPC_BedroomMaster.BPC_BedroomMaster_C NativeClass:/Script/Engine.Actor Name:BPC_BedroomMaster_C_UAID_F02F741C15233CCB02_1971553436 Label:BPC_BedroomMaster SpatiallyLoaded:1 Bounds:IsValid=true, Min=(X=382.000 Y=3282.000 Z=0.000), Max=(X=382.000 Y=3282.000 Z=0.000) RuntimeGrid:None EditorOnly:0 RuntimeOnly:0 HLODRelevant:0
 |   |   |- [+] [ 17]
 |   |   |   |- Guid:4BF4959D4384062DAFCC2495428BDE04 BaseClass: NativeClass:/Script/NavigationSystem.NavMeshBoundsVolume Name:NavMeshBoundsVolume_UAID_F02F741C15239B8E02_1275300731 Label:NavMeshBoundsVolume SpatiallyLoaded:0 Bounds:IsValid=true, Min=(X=-110.000 Y=-1140.000 Z=-825.000), Max=(X=6390.000 Y=7460.000 Z=825.000) RuntimeGrid:None EditorOnly:0 RuntimeOnly:0 HLODRelevant:0
 |   |   |- [+] [ 18]
 |   |   |   |- Guid:3D4970684A40E010726F42990D327661 BaseClass: NativeClass:/Script/Engine.VolumetricCloud Name:VolumetricCloud_0 Label:VolumetricCloud SpatiallyLoaded:0 Bounds:IsValid=true, Min=(X=0.000 Y=0.000 Z=820.000), Max=(X=0.000 Y=0.000 Z=820.000) RuntimeGrid:None EditorOnly:0 RuntimeOnly:0 HLODRelevant:0 FolderPath:Lighting FolderGuid:0BA5F0A04EADB18E70D5B180D08FA34B
 |   |   |- [+] [ 19]
 |   |   |   |- Guid:2E91AE4044C36109C9A8B1B06368DF2D BaseClass: NativeClass:/Script/Engine.StaticMeshActor Name:StaticMeshActor_UAID_F02F741C15239A8E02_1201799552 Label:Ground_3 SpatiallyLoaded:1 Bounds:IsValid=true, Min=(X=3000.000 Y=3490.000 Z=-50.000), Max=(X=6000.000 Y=6990.000 Z=0.000) RuntimeGrid:None EditorOnly:0 RuntimeOnly:0 HLODRelevant:1 FolderPath:Grounds FolderGuid:6C02BB504B69D1F3D7A624B130C18E5B
 |   |   |- [+] [ 20]
 |   |   |   |- Guid:4794B98E48285AFA0FC64C96BDBFFBD5 BaseClass:/Game/Blueprints/Interaction/BP_TestInteractionActor.BP_TestInteractionActor_C NativeClass:/Script/Engine.Actor Name:BP_TestInteractionActor_C_UAID_F02F741C1523E69902_1742300543 Label:BP_TestInteractionActor SpatiallyLoaded:1 Bounds:IsValid=true, Min=(X=1134.000 Y=1984.000 Z=-56.000), Max=(X=1246.000 Y=2096.000 Z=80.000) RuntimeGrid:None EditorOnly:0 RuntimeOnly:0 HLODRelevant:0
 |   |   |- [+] [ 21]
 |   |   |   |- Guid:F99EE1E5421521875DDA5787362B9D3E BaseClass:/Game/Blueprints/Interaction/BP_TestInteractionActor.BP_TestInteractionActor_C NativeClass:/Script/Engine.Actor Name:BP_TestInteractionActor_C_UAID_F02F741C1523E69902_2036586584 Label:BP_TestInteractionActor2 SpatiallyLoaded:1 Bounds:IsValid=true, Min=(X=1134.000 Y=1754.000 Z=-56.000), Max=(X=1246.000 Y=1866.000 Z=80.000) RuntimeGrid:None EditorOnly:0 RuntimeOnly:0 HLODRelevant:0
 |   |   |- [+] [ 22]
 |   |   |   |- Guid:2B5FEFF84862F812B720A1AD860B4AB2 BaseClass: NativeClass:/Script/Engine.SkyAtmosphere Name:SkyAtmosphere_0 Label:SkyAtmosphere SpatiallyLoaded:0 Bounds:IsValid=true, Min=(X=0.000 Y=0.000 Z=1020.000), Max=(X=0.000 Y=0.000 Z=1020.000) RuntimeGrid:None EditorOnly:0 RuntimeOnly:0 HLODRelevant:0 FolderPath:Lighting FolderGuid:0BA5F0A04EADB18E70D5B180D08FA34B
 |   |   |- [+] [ 23]
 |   |   |   |- Guid:6F38C19149505908E7B1E29ACFDCEF43 BaseClass:/Game/Blueprints/Waypoints/BPC_ReceptionCustomerWaypoint.BPC_ReceptionCustomerWaypoint_C NativeClass:/Script/Engine.Actor Name:BPC_ReceptionCustomerWaypoint_C_UAID_F02F741C1523CBB402_1199169307 Label:BPC_ReceptionCustomerWaypoint SpatiallyLoaded:1 Bounds:IsValid=true, Min=(X=1480.000 Y=1530.000 Z=70.000), Max=(X=1480.000 Y=1530.000 Z=70.000) RuntimeGrid:None EditorOnly:0 RuntimeOnly:0 HLODRelevant:0
 |   |   |- [+] [ 24]
 |   |   |   |- Guid:FC0FF9B243766416463CFB86877E189A BaseClass:/Game/Blueprints/Desks/BPC_Desk1.BPC_Desk1_C NativeClass:/Script/Engine.Actor Name:BPC_Desk1_C_UAID_F02F741C1523E90A02_1723278063 Label:BPC_Desk1 SpatiallyLoaded:1 Bounds:IsValid=true, Min=(X=-82.276 Y=-13.251 Z=-152.000), Max=(X=1542.432 Y=2011.403 Z=173.849) RuntimeGrid:None EditorOnly:0 RuntimeOnly:0 HLODRelevant:1
 |   |   |- [+] [ 25]
 |   |   |   |- Guid:023BA7434030BFBDFFF3538897F18D3F BaseClass: NativeClass:/Script/Engine.StaticMeshActor Name:StaticMeshActor_UAID_F02F741C1523998E02_2122900375 Label:Ground_2 SpatiallyLoaded:1 Bounds:IsValid=true, Min=(X=0.000 Y=3490.000 Z=-50.000), Max=(X=3000.000 Y=6990.000 Z=0.000) RuntimeGrid:None EditorOnly:0 RuntimeOnly:0 HLODRelevant:1 FolderPath:Grounds FolderGuid:6C02BB504B69D1F3D7A624B130C18E5B
 |   |   |- [+] [ 26]
 |   |   |   |- Guid:97FF9D684DF038A43239B68C46C50880 BaseClass:/Game/Blueprints/Room/BPCC_Bedroom.BPCC_Bedroom_C NativeClass:/Script/Engine.Actor Name:BPCC_Bedroom_C_UAID_F02F741C15233CCB02_1154224429 Label:BPCC_Bedroom SpatiallyLoaded:1 Bounds:IsValid=true, Min=(X=3252.000 Y=3153.000 Z=-32.000), Max=(X=3652.000 Y=3921.000 Z=32.000) RuntimeGrid:None EditorOnly:0 RuntimeOnly:0 HLODRelevant:0
 |   |   |- [+] [ 27]
 |   |   |   |- Guid:C2A5485E48DB953C9863F5AAF647D59F BaseClass:/Game/Blueprints/Room/BPCC_Bedroom.BPCC_Bedroom_C NativeClass:/Script/Engine.Actor Name:BPCC_Bedroom_C_UAID_F02F741C15233CCB02_1192453430 Label:BPCC_Bedroom2 SpatiallyLoaded:1 Bounds:IsValid=true, Min=(X=2973.000 Y=4323.000 Z=-32.000), Max=(X=3309.000 Y=4739.000 Z=32.000) RuntimeGrid:None EditorOnly:0 RuntimeOnly:0 HLODRelevant:0
 |   |   |- [+] [ 28]
 |   |   |   |- Guid:F324BC05443E5AC967392BB16622CF6E BaseClass:/Game/Blueprints/Room/BPCC_Bedroom.BPCC_Bedroom_C NativeClass:/Script/Engine.Actor Name:BPCC_Bedroom_C_UAID_F02F741C15233CCB02_1202806431 Label:BPCC_Bedroom3 SpatiallyLoaded:1 Bounds:IsValid=true, Min=(X=3463.000 Y=4404.000 Z=-32.000), Max=(X=3927.000 Y=4724.000 Z=32.000) RuntimeGrid:None EditorOnly:0 RuntimeOnly:0 HLODRelevant:0
 |   |   |- [+] [ 29]
 |   |   |   |- Guid:56B11772414E8A19104ECEB109781F1E BaseClass:/Game/Blueprints/Room/BPCC_Bedroom.BPCC_Bedroom_C NativeClass:/Script/Engine.Actor Name:BPCC_Bedroom_C_UAID_F02F741C15233CCB02_1213500432 Label:BPCC_Bedroom4 SpatiallyLoaded:1 Bounds:IsValid=true, Min=(X=4053.000 Y=4344.000 Z=-32.000), Max=(X=4437.000 Y=4712.000 Z=32.000) RuntimeGrid:None EditorOnly:0 RuntimeOnly:0 HLODRelevant:0
 |   |   |- [+] [ 30]
 |   |   |   |- Guid:0CD526F04F4F5F94B42125AC44C58FA8 BaseClass:/Game/Blueprints/Room/BPCC_Bedroom.BPCC_Bedroom_C NativeClass:/Script/Engine.Actor Name:BPCC_Bedroom_C_UAID_F02F741C15233CCB02_1226053433 Label:BPCC_Bedroom5 SpatiallyLoaded:1 Bounds:IsValid=true, Min=(X=4562.000 Y=4113.000 Z=-32.000), Max=(X=4818.000 Y=4705.000 Z=32.000) RuntimeGrid:None EditorOnly:0 RuntimeOnly:0 HLODRelevant:0
 |   |   |- [+] [ 31]
 |   |   |   |- Guid:B4AE58A9442278B0D6511889890AFF0B BaseClass:/Game/Blueprints/Room/BPCC_Bedroom.BPCC_Bedroom_C NativeClass:/Script/Engine.Actor Name:BPCC_Bedroom_C_UAID_F02F741C15233CCB02_1236500434 Label:BPCC_Bedroom6 SpatiallyLoaded:1 Bounds:IsValid=true, Min=(X=4497.000 Y=3147.000 Z=-32.000), Max=(X=4849.000 Y=3595.000 Z=32.000) RuntimeGrid:None EditorOnly:0 RuntimeOnly:0 HLODRelevant:0
 |   |   |- [+] [ 32]
 |   |   |   |- Guid:E0432E7D4703F7422C335982D54C82E7 BaseClass:/Game/Blueprints/Room/BPCC_Bedroom.BPCC_Bedroom_C NativeClass:/Script/Engine.Actor Name:BPCC_Bedroom_C_UAID_F02F741C15233CCB02_1250411435 Label:BPCC_Bedroom7 SpatiallyLoaded:1 Bounds:IsValid=true, Min=(X=3761.000 Y=3250.000 Z=-32.000), Max=(X=4065.000 Y=3810.000 Z=32.000) RuntimeGrid:None EditorOnly:0 RuntimeOnly:0 HLODRelevant:0
 |- ContainerInstances:
 |- [+] MainContainer:
 |   |-        ID: 0x0000000000000000
 |   |-    Bounds: IsValid=false, Min=(X=0.000 Y=0.000 Z=0.000), Max=(X=0.000 Y=0.000 Z=0.000)
 |   |- Transform: 0.000000,0.000000,0.000000|0.000000,0.000000,-0.000000|1.000000,1.000000,1.000000
 |   |- Container: /Game/Levels/HotelAlfaMap
----------------------------------------------------------------------------------------------------------------
HotelAlfaMap - Persistent Level
----------------------------------------------------------------------------------------------------------------
Always loaded Actor Count: 305 

----------------------------------------------------------------------------------------------------------------
HotelAlfaMap - Runtime Spatial Hash - Streaming Grid - MainGrid
----------------------------------------------------------------------------------------------------------------
            Origin: X=0.000 Y=0.000 Z=0.000
         Cell Size: 12800
      World Bounds: IsValid=false, Min=(X=0.000 Y=0.000 Z=0.000), Max=(X=0.000 Y=0.000 Z=0.000)
     Loading Range: 25600.00
Block Slow Loading: No
 ClientOnlyVisible: No

[+] Grid Levels: 1
 |- Level  0: Cell Count    0 | Cell Size   12800 | Actor Count    0 (0.0%)

[+] Content of Grid Level 0

