[+] Containers:
 |- [+] Container: /Game/Levels/HotelAlfaMap
 |   |- [+] ActorDescs:
 |   |   |- Guid:00C1512B4763AF18C137CD927AF6079A BaseClass: NativeClass:/Script/CinematicCamera.CineCameraActor Name:CineCameraActor_UAID_F02F741C1523682302_1680697759 Label:FPV_SitDown SpatiallyLoaded:1 Bounds:IsValid=true, Min=(X=1345.000 Y=825.000 Z=185.000), Max=(X=1345.000 Y=825.000 Z=185.000) RuntimeGrid:None EditorOnly:0 RuntimeOnly:0 HLODRelevant:0
 |   |   |- Guid:023BA7434030BFBDFFF3538897F18D3F BaseClass: NativeClass:/Script/Engine.StaticMeshActor Name:StaticMeshActor_UAID_F02F741C1523998E02_2122900375 Label:Ground_2 SpatiallyLoaded:1 Bounds:IsValid=true, Min=(X=0.000 Y=3490.000 Z=-50.000), Max=(X=3000.000 Y=6990.000 Z=0.000) RuntimeGrid:None EditorOnly:0 RuntimeOnly:0 HLODRelevant:1 FolderPath:Grounds FolderGuid:6C02BB504B69D1F3D7A624B130C18E5B
 |   |   |- Guid:0EE499004EB196A26B8EE89500937FE8 BaseClass: NativeClass:/Script/Engine.ExponentialHeightFog Name:ExponentialHeightFog_0 Label:ExponentialHeightFog SpatiallyLoaded:0 Bounds:IsValid=true, Min=(X=-5600.000 Y=-50.000 Z=-6850.000), Max=(X=-5600.000 Y=-50.000 Z=-6850.000) RuntimeGrid:None EditorOnly:0 RuntimeOnly:0 HLODRelevant:0 FolderPath:Lighting FolderGuid:0BA5F0A04EADB18E70D5B180D08FA34B
 |   |   |- Guid:16B2C9C54958112B47D2DB8AEF1EB600 BaseClass: NativeClass:/Script/Engine.StaticMeshActor Name:StaticMeshActor_UAID_A4AE111137DC5EFB00_2001720423 Label:SM_SkySphere SpatiallyLoaded:0 Bounds:IsValid=true, Min=(X=-1638400.000 Y=-1638400.000 Z=-1638400.000), Max=(X=1638400.000 Y=1638400.000 Z=1638400.000) RuntimeGrid:None EditorOnly:0 RuntimeOnly:0 HLODRelevant:1 FolderPath:Lighting FolderGuid:0BA5F0A04EADB18E70D5B180D08FA34B
 |   |   |- Guid:275DD3ED4ECD1765D7CE55B0067F26EF BaseClass: NativeClass:/Script/Engine.PlayerStart Name:PlayerStart_0 Label:PlayerStart SpatiallyLoaded:0 Bounds:IsValid=true, Min=(X=1470.000 Y=2180.000 Z=0.013), Max=(X=1550.000 Y=2260.000 Z=184.013) RuntimeGrid:None EditorOnly:0 RuntimeOnly:0 HLODRelevant:0
 |   |   |- Guid:2B5FEFF84862F812B720A1AD860B4AB2 BaseClass: NativeClass:/Script/Engine.SkyAtmosphere Name:SkyAtmosphere_0 Label:SkyAtmosphere SpatiallyLoaded:0 Bounds:IsValid=true, Min=(X=0.000 Y=0.000 Z=1020.000), Max=(X=0.000 Y=0.000 Z=1020.000) RuntimeGrid:None EditorOnly:0 RuntimeOnly:0 HLODRelevant:0 FolderPath:Lighting FolderGuid:0BA5F0A04EADB18E70D5B180D08FA34B
 |   |   |- Guid:2C1752F349D8D035AD8CE9B6B79FC1A9 BaseClass: NativeClass:/Script/Engine.DirectionalLight Name:DirectionalLight_1 Label:DirectionalLight SpatiallyLoaded:0 Bounds:IsValid=true, Min=(X=-4398046511104.000 Y=-4398046511104.000 Z=-4398046511104.000), Max=(X=4398046511104.000 Y=4398046511104.000 Z=4398046511104.000) RuntimeGrid:None EditorOnly:0 RuntimeOnly:0 HLODRelevant:0 FolderPath:Lighting FolderGuid:0BA5F0A04EADB18E70D5B180D08FA34B
 |   |   |- Guid:2E91AE4044C36109C9A8B1B06368DF2D BaseClass: NativeClass:/Script/Engine.StaticMeshActor Name:StaticMeshActor_UAID_F02F741C15239A8E02_1201799552 Label:Ground_3 SpatiallyLoaded:1 Bounds:IsValid=true, Min=(X=3000.000 Y=3490.000 Z=-50.000), Max=(X=6000.000 Y=6990.000 Z=0.000) RuntimeGrid:None EditorOnly:0 RuntimeOnly:0 HLODRelevant:1 FolderPath:Grounds FolderGuid:6C02BB504B69D1F3D7A624B130C18E5B
 |   |   |- Guid:37B690F04FA644DDB68D7E8C6A378C9F BaseClass:/Game/Blueprints/Room/AI_Room/BPC_Room.BPC_Room_C NativeClass:/Script/Engine.Actor Name:BPC_Room_C_UAID_F02F741C15239B8E02_1738341733 Label:BPC_Room2 SpatiallyLoaded:1 Bounds:IsValid=true, Min=(X=3724.000 Y=3128.000 Z=-32.000), Max=(X=4156.000 Y=3992.000 Z=32.000) RuntimeGrid:None EditorOnly:0 RuntimeOnly:0 HLODRelevant:0
 |   |   |- Guid:3D4970684A40E010726F42990D327661 BaseClass: NativeClass:/Script/Engine.VolumetricCloud Name:VolumetricCloud_0 Label:VolumetricCloud SpatiallyLoaded:0 Bounds:IsValid=true, Min=(X=0.000 Y=0.000 Z=820.000), Max=(X=0.000 Y=0.000 Z=820.000) RuntimeGrid:None EditorOnly:0 RuntimeOnly:0 HLODRelevant:0 FolderPath:Lighting FolderGuid:0BA5F0A04EADB18E70D5B180D08FA34B
 |   |   |- Guid:4794B98E48285AFA0FC64C96BDBFFBD5 BaseClass:/Game/Blueprints/Interaction/BP_TestInteractionActor.BP_TestInteractionActor_C NativeClass:/Script/Engine.Actor Name:BP_TestInteractionActor_C_UAID_F02F741C1523E69902_1742300543 Label:BP_TestInteractionActor SpatiallyLoaded:1 Bounds:IsValid=true, Min=(X=1134.000 Y=1984.000 Z=-56.000), Max=(X=1246.000 Y=2096.000 Z=80.000) RuntimeGrid:None EditorOnly:0 RuntimeOnly:0 HLODRelevant:0
 |   |   |- Guid:48E639FF45FB756C3F18249496939D78 BaseClass:/Game/AI/BP_Customer.BP_Customer_C NativeClass:/Script/Engine.Pawn Name:BP_Customer_C_UAID_F02F741C15235BA002_1401384475 Label:BP_Customer SpatiallyLoaded:1 Bounds:IsValid=true, Min=(X=1130.000 Y=1410.000 Z=20.000), Max=(X=1230.000 Y=1510.000 Z=120.000) RuntimeGrid:None EditorOnly:0 RuntimeOnly:0 HLODRelevant:0
 |   |   |- Guid:4BF4959D4384062DAFCC2495428BDE04 BaseClass: NativeClass:/Script/NavigationSystem.NavMeshBoundsVolume Name:NavMeshBoundsVolume_UAID_F02F741C15239B8E02_1275300731 Label:NavMeshBoundsVolume SpatiallyLoaded:0 Bounds:IsValid=true, Min=(X=465.000 Y=40.000 Z=-100.000), Max=(X=5815.000 Y=5540.000 Z=100.000) RuntimeGrid:None EditorOnly:0 RuntimeOnly:0 HLODRelevant:0
 |   |   |- Guid:4CE74A194AA88B0A748B85A0356A1409 BaseClass:/Game/Blueprints/Room/AI_Room/BPC_Room.BPC_Room_C NativeClass:/Script/Engine.Actor Name:BPC_Room_C_UAID_F02F741C15239B8E02_1766798737 Label:BPC_Room6 SpatiallyLoaded:1 Bounds:IsValid=true, Min=(X=3494.000 Y=4264.000 Z=-32.000), Max=(X=3926.000 Y=4776.000 Z=32.000) RuntimeGrid:None EditorOnly:0 RuntimeOnly:0 HLODRelevant:0
 |   |   |- Guid:80907FE745C342D39775468D4DBC127B BaseClass:/Game/Blueprints/Room/AI_Room/BP_RoomMaster.BP_RoomMaster_C NativeClass:/Script/Engine.Actor Name:BP_RoomMaster_C_UAID_F02F741C15239B8E02_1804576739 Label:BP_RoomMaster SpatiallyLoaded:1 Bounds:IsValid=true, Min=(X=1620.000 Y=6310.000 Z=0.000), Max=(X=1620.000 Y=6310.000 Z=0.000) RuntimeGrid:None EditorOnly:0 RuntimeOnly:0 HLODRelevant:0
 |   |   |- Guid:88737448482C23E921ACE0ABFEE511FF BaseClass: NativeClass:/Script/NavigationSystem.RecastNavMesh Name:RecastNavMesh_UAID_F02F741C15239B8E02-Default Label:RecastNavMesh-Default SpatiallyLoaded:0 Bounds:IsValid=true, Min=(X=0.000 Y=0.000 Z=0.000), Max=(X=0.000 Y=0.000 Z=0.000) RuntimeGrid:None EditorOnly:0 RuntimeOnly:0 HLODRelevant:0
 |   |   |- Guid:8DF392F64D0ACB92496EA09501237F0C BaseClass:/Game/Blueprints/Room/AI_Room/BPC_Room.BPC_Room_C NativeClass:/Script/Engine.Actor Name:BPC_Room_C_UAID_F02F741C15239B8E02_1712418732 Label:BPC_Room SpatiallyLoaded:1 Bounds:IsValid=true, Min=(X=3202.000 Y=3128.000 Z=-32.000), Max=(X=3698.000 Y=3992.000 Z=32.000) RuntimeGrid:None EditorOnly:0 RuntimeOnly:0 HLODRelevant:0
 |   |   |- Guid:9C57D69140943919FF3EB8AC2AD698CE BaseClass: NativeClass:/Script/Engine.StaticMeshActor Name:StaticMeshActor_UAID_F02F741C15239A8E02_1781362553 Label:Ground_4 SpatiallyLoaded:1 Bounds:IsValid=true, Min=(X=3000.000 Y=0.000 Z=-50.000), Max=(X=6000.000 Y=3500.000 Z=0.000) RuntimeGrid:None EditorOnly:0 RuntimeOnly:0 HLODRelevant:1 FolderPath:Grounds FolderGuid:6C02BB504B69D1F3D7A624B130C18E5B
 |   |   |- Guid:A797454D4B154E2341B1B0AF4CEAF457 BaseClass:/Game/Blueprints/Room/AI_Room/BPC_Room.BPC_Room_C NativeClass:/Script/Engine.Actor Name:BPC_Room_C_UAID_F02F741C15239B8E02_1757541735 Label:BPC_Room4 SpatiallyLoaded:1 Bounds:IsValid=true, Min=(X=4484.000 Y=4018.000 Z=-32.000), Max=(X=4916.000 Y=4882.000 Z=32.000) RuntimeGrid:None EditorOnly:0 RuntimeOnly:0 HLODRelevant:0
 |   |   |- Guid:C0D3401149393F46D6BB97A444C06FB7 BaseClass: NativeClass:/Script/Engine.PostProcessVolume Name:PostProcessVolume_0 Label:PostProcessVolume SpatiallyLoaded:0 Bounds:IsValid=true, Min=(X=0.000 Y=0.000 Z=400.000), Max=(X=200.000 Y=200.000 Z=600.000) RuntimeGrid:None EditorOnly:0 RuntimeOnly:0 HLODRelevant:0 FolderPath:Lighting FolderGuid:0BA5F0A04EADB18E70D5B180D08FA34B
 |   |   |- Guid:CAA0D09F4C9559262BAE9AB880E74F0E BaseClass:/Game/Blueprints/Room/AI_Room/BPC_Room.BPC_Room_C NativeClass:/Script/Engine.Actor Name:BPC_Room_C_UAID_F02F741C15239B8E02_1760710736 Label:BPC_Room5 SpatiallyLoaded:1 Bounds:IsValid=true, Min=(X=4004.000 Y=4264.000 Z=-32.000), Max=(X=4436.000 Y=4776.000 Z=32.000) RuntimeGrid:None EditorOnly:0 RuntimeOnly:0 HLODRelevant:0
 |   |   |- Guid:CAF460894702DF8F63B3AA8B08EFDCEC BaseClass:/Game/Blueprints/Room/AI_Room/BPC_Room.BPC_Room_C NativeClass:/Script/Engine.Actor Name:BPC_Room_C_UAID_F02F741C15239B8E02_1750238734 Label:BPC_Room3 SpatiallyLoaded:1 Bounds:IsValid=true, Min=(X=4354.000 Y=3128.000 Z=-32.000), Max=(X=4786.000 Y=3992.000 Z=32.000) RuntimeGrid:None EditorOnly:0 RuntimeOnly:0 HLODRelevant:0
 |   |   |- Guid:D6F833D84DFF742F5A16C1AA5234F044 BaseClass:/Game/Blueprints/BP_OpenCloseSign.BP_OpenCloseSign_C NativeClass:/Script/Engine.Actor Name:BP_OpenCloseSign_C_UAID_F02F741C1523779002_2144891503 Label:BP_OpenCloseSign SpatiallyLoaded:1 Bounds:IsValid=true, Min=(X=1092.000 Y=1554.000 Z=82.000), Max=(X=1108.000 Y=1586.000 Z=100.000) RuntimeGrid:None EditorOnly:0 RuntimeOnly:0 HLODRelevant:0
 |   |   |- Guid:E800BD6A4775339ED0F947887FE027BA BaseClass: NativeClass:/Script/Engine.SkyLight Name:SkyLight_0 Label:SkyLight SpatiallyLoaded:0 Bounds:IsValid=true, Min=(X=0.000 Y=0.000 Z=690.000), Max=(X=0.000 Y=0.000 Z=690.000) RuntimeGrid:None EditorOnly:0 RuntimeOnly:0 HLODRelevant:0 FolderPath:Lighting FolderGuid:0BA5F0A04EADB18E70D5B180D08FA34B
 |   |   |- Guid:EF91D20745452BFB258D3E865166603C BaseClass: NativeClass:/Script/Engine.StaticMeshActor Name:StaticMeshActor_0 Label:Ground_1 SpatiallyLoaded:1 Bounds:IsValid=true, Min=(X=0.000 Y=0.000 Z=-50.000), Max=(X=3000.000 Y=3500.000 Z=0.000) RuntimeGrid:None EditorOnly:0 RuntimeOnly:0 HLODRelevant:1 FolderPath:Grounds FolderGuid:6C02BB504B69D1F3D7A624B130C18E5B
 |   |   |- Guid:F6FADDFD4EC27E1E95283D80876C0A8B BaseClass:/Game/Blueprints/Room/AI_Room/BPC_Room.BPC_Room_C NativeClass:/Script/Engine.Actor Name:BPC_Room_C_UAID_F02F741C15239B8E02_1768907738 Label:BPC_Room7 SpatiallyLoaded:1 Bounds:IsValid=true, Min=(X=2914.000 Y=4264.000 Z=-32.000), Max=(X=3346.000 Y=4776.000 Z=32.000) RuntimeGrid:None EditorOnly:0 RuntimeOnly:0 HLODRelevant:0
 |   |   |- Guid:F77764CE4CBF7514C291FBB8B9BEA92C BaseClass: NativeClass:/Script/Engine.WorldDataLayers Name:WorldDataLayers Label:WorldDataLayers SpatiallyLoaded:0 Bounds:IsValid=true, Min=(X=0.000 Y=0.000 Z=0.000), Max=(X=0.000 Y=0.000 Z=0.000) RuntimeGrid:None EditorOnly:0 RuntimeOnly:0 HLODRelevant:0
 |   |   |- Guid:F99EE1E5421521875DDA5787362B9D3E BaseClass:/Game/Blueprints/Interaction/BP_TestInteractionActor.BP_TestInteractionActor_C NativeClass:/Script/Engine.Actor Name:BP_TestInteractionActor_C_UAID_F02F741C1523E69902_2036586584 Label:BP_TestInteractionActor2 SpatiallyLoaded:1 Bounds:IsValid=true, Min=(X=1134.000 Y=1754.000 Z=-56.000), Max=(X=1246.000 Y=1866.000 Z=80.000) RuntimeGrid:None EditorOnly:0 RuntimeOnly:0 HLODRelevant:0
 |   |   |- Guid:FC0FF9B243766416463CFB86877E189A BaseClass:/Game/Blueprints/Desks/BPC_Desk1.BPC_Desk1_C NativeClass:/Script/Engine.Actor Name:BPC_Desk1_C_UAID_F02F741C1523E90A02_1723278063 Label:BPC_Desk1 SpatiallyLoaded:1 Bounds:IsValid=true, Min=(X=-82.276 Y=-11.250 Z=-152.000), Max=(X=1536.262 Y=1966.249 Z=170.000) RuntimeGrid:None EditorOnly:0 RuntimeOnly:0 HLODRelevant:1
 |   |- [+] Clusters:
 |   |   |- [+] [  0]
 |   |   |   |- Guid:00C1512B4763AF18C137CD927AF6079A BaseClass: NativeClass:/Script/CinematicCamera.CineCameraActor Name:CineCameraActor_UAID_F02F741C1523682302_1680697759 Label:FPV_SitDown SpatiallyLoaded:1 Bounds:IsValid=true, Min=(X=1345.000 Y=825.000 Z=185.000), Max=(X=1345.000 Y=825.000 Z=185.000) RuntimeGrid:None EditorOnly:0 RuntimeOnly:0 HLODRelevant:0
 |   |   |- [+] [  1]
 |   |   |   |- Guid:C0D3401149393F46D6BB97A444C06FB7 BaseClass: NativeClass:/Script/Engine.PostProcessVolume Name:PostProcessVolume_0 Label:PostProcessVolume SpatiallyLoaded:0 Bounds:IsValid=true, Min=(X=0.000 Y=0.000 Z=400.000), Max=(X=200.000 Y=200.000 Z=600.000) RuntimeGrid:None EditorOnly:0 RuntimeOnly:0 HLODRelevant:0 FolderPath:Lighting FolderGuid:0BA5F0A04EADB18E70D5B180D08FA34B
 |   |   |- [+] [  2]
 |   |   |   |- Guid:CAA0D09F4C9559262BAE9AB880E74F0E BaseClass:/Game/Blueprints/Room/AI_Room/BPC_Room.BPC_Room_C NativeClass:/Script/Engine.Actor Name:BPC_Room_C_UAID_F02F741C15239B8E02_1760710736 Label:BPC_Room5 SpatiallyLoaded:1 Bounds:IsValid=true, Min=(X=4004.000 Y=4264.000 Z=-32.000), Max=(X=4436.000 Y=4776.000 Z=32.000) RuntimeGrid:None EditorOnly:0 RuntimeOnly:0 HLODRelevant:0
 |   |   |- [+] [  3]
 |   |   |   |- Guid:4CE74A194AA88B0A748B85A0356A1409 BaseClass:/Game/Blueprints/Room/AI_Room/BPC_Room.BPC_Room_C NativeClass:/Script/Engine.Actor Name:BPC_Room_C_UAID_F02F741C15239B8E02_1766798737 Label:BPC_Room6 SpatiallyLoaded:1 Bounds:IsValid=true, Min=(X=3494.000 Y=4264.000 Z=-32.000), Max=(X=3926.000 Y=4776.000 Z=32.000) RuntimeGrid:None EditorOnly:0 RuntimeOnly:0 HLODRelevant:0
 |   |   |- [+] [  4]
 |   |   |   |- Guid:275DD3ED4ECD1765D7CE55B0067F26EF BaseClass: NativeClass:/Script/Engine.PlayerStart Name:PlayerStart_0 Label:PlayerStart SpatiallyLoaded:0 Bounds:IsValid=true, Min=(X=1470.000 Y=2180.000 Z=0.013), Max=(X=1550.000 Y=2260.000 Z=184.013) RuntimeGrid:None EditorOnly:0 RuntimeOnly:0 HLODRelevant:0
 |   |   |- [+] [  5]
 |   |   |   |- Guid:EF91D20745452BFB258D3E865166603C BaseClass: NativeClass:/Script/Engine.StaticMeshActor Name:StaticMeshActor_0 Label:Ground_1 SpatiallyLoaded:1 Bounds:IsValid=true, Min=(X=0.000 Y=0.000 Z=-50.000), Max=(X=3000.000 Y=3500.000 Z=0.000) RuntimeGrid:None EditorOnly:0 RuntimeOnly:0 HLODRelevant:1 FolderPath:Grounds FolderGuid:6C02BB504B69D1F3D7A624B130C18E5B
 |   |   |- [+] [  6]
 |   |   |   |- Guid:9C57D69140943919FF3EB8AC2AD698CE BaseClass: NativeClass:/Script/Engine.StaticMeshActor Name:StaticMeshActor_UAID_F02F741C15239A8E02_1781362553 Label:Ground_4 SpatiallyLoaded:1 Bounds:IsValid=true, Min=(X=3000.000 Y=0.000 Z=-50.000), Max=(X=6000.000 Y=3500.000 Z=0.000) RuntimeGrid:None EditorOnly:0 RuntimeOnly:0 HLODRelevant:1 FolderPath:Grounds FolderGuid:6C02BB504B69D1F3D7A624B130C18E5B
 |   |   |- [+] [  7]
 |   |   |   |- Guid:16B2C9C54958112B47D2DB8AEF1EB600 BaseClass: NativeClass:/Script/Engine.StaticMeshActor Name:StaticMeshActor_UAID_A4AE111137DC5EFB00_2001720423 Label:SM_SkySphere SpatiallyLoaded:0 Bounds:IsValid=true, Min=(X=-1638400.000 Y=-1638400.000 Z=-1638400.000), Max=(X=1638400.000 Y=1638400.000 Z=1638400.000) RuntimeGrid:None EditorOnly:0 RuntimeOnly:0 HLODRelevant:1 FolderPath:Lighting FolderGuid:0BA5F0A04EADB18E70D5B180D08FA34B
 |   |   |- [+] [  8]
 |   |   |   |- Guid:F77764CE4CBF7514C291FBB8B9BEA92C BaseClass: NativeClass:/Script/Engine.WorldDataLayers Name:WorldDataLayers Label:WorldDataLayers SpatiallyLoaded:0 Bounds:IsValid=true, Min=(X=0.000 Y=0.000 Z=0.000), Max=(X=0.000 Y=0.000 Z=0.000) RuntimeGrid:None EditorOnly:0 RuntimeOnly:0 HLODRelevant:0
 |   |   |- [+] [  9]
 |   |   |   |- Guid:2C1752F349D8D035AD8CE9B6B79FC1A9 BaseClass: NativeClass:/Script/Engine.DirectionalLight Name:DirectionalLight_1 Label:DirectionalLight SpatiallyLoaded:0 Bounds:IsValid=true, Min=(X=-4398046511104.000 Y=-4398046511104.000 Z=-4398046511104.000), Max=(X=4398046511104.000 Y=4398046511104.000 Z=4398046511104.000) RuntimeGrid:None EditorOnly:0 RuntimeOnly:0 HLODRelevant:0 FolderPath:Lighting FolderGuid:0BA5F0A04EADB18E70D5B180D08FA34B
 |   |   |- [+] [ 10]
 |   |   |   |- Guid:D6F833D84DFF742F5A16C1AA5234F044 BaseClass:/Game/Blueprints/BP_OpenCloseSign.BP_OpenCloseSign_C NativeClass:/Script/Engine.Actor Name:BP_OpenCloseSign_C_UAID_F02F741C1523779002_2144891503 Label:BP_OpenCloseSign SpatiallyLoaded:1 Bounds:IsValid=true, Min=(X=1092.000 Y=1554.000 Z=82.000), Max=(X=1108.000 Y=1586.000 Z=100.000) RuntimeGrid:None EditorOnly:0 RuntimeOnly:0 HLODRelevant:0
 |   |   |- [+] [ 11]
 |   |   |   |- Guid:0EE499004EB196A26B8EE89500937FE8 BaseClass: NativeClass:/Script/Engine.ExponentialHeightFog Name:ExponentialHeightFog_0 Label:ExponentialHeightFog SpatiallyLoaded:0 Bounds:IsValid=true, Min=(X=-5600.000 Y=-50.000 Z=-6850.000), Max=(X=-5600.000 Y=-50.000 Z=-6850.000) RuntimeGrid:None EditorOnly:0 RuntimeOnly:0 HLODRelevant:0 FolderPath:Lighting FolderGuid:0BA5F0A04EADB18E70D5B180D08FA34B
 |   |   |- [+] [ 12]
 |   |   |   |- Guid:80907FE745C342D39775468D4DBC127B BaseClass:/Game/Blueprints/Room/AI_Room/BP_RoomMaster.BP_RoomMaster_C NativeClass:/Script/Engine.Actor Name:BP_RoomMaster_C_UAID_F02F741C15239B8E02_1804576739 Label:BP_RoomMaster SpatiallyLoaded:1 Bounds:IsValid=true, Min=(X=1620.000 Y=6310.000 Z=0.000), Max=(X=1620.000 Y=6310.000 Z=0.000) RuntimeGrid:None EditorOnly:0 RuntimeOnly:0 HLODRelevant:0
 |   |   |- [+] [ 13]
 |   |   |   |- Guid:88737448482C23E921ACE0ABFEE511FF BaseClass: NativeClass:/Script/NavigationSystem.RecastNavMesh Name:RecastNavMesh_UAID_F02F741C15239B8E02-Default Label:RecastNavMesh-Default SpatiallyLoaded:0 Bounds:IsValid=true, Min=(X=0.000 Y=0.000 Z=0.000), Max=(X=0.000 Y=0.000 Z=0.000) RuntimeGrid:None EditorOnly:0 RuntimeOnly:0 HLODRelevant:0
 |   |   |- [+] [ 14]
 |   |   |   |- Guid:E800BD6A4775339ED0F947887FE027BA BaseClass: NativeClass:/Script/Engine.SkyLight Name:SkyLight_0 Label:SkyLight SpatiallyLoaded:0 Bounds:IsValid=true, Min=(X=0.000 Y=0.000 Z=690.000), Max=(X=0.000 Y=0.000 Z=690.000) RuntimeGrid:None EditorOnly:0 RuntimeOnly:0 HLODRelevant:0 FolderPath:Lighting FolderGuid:0BA5F0A04EADB18E70D5B180D08FA34B
 |   |   |- [+] [ 15]
 |   |   |   |- Guid:F6FADDFD4EC27E1E95283D80876C0A8B BaseClass:/Game/Blueprints/Room/AI_Room/BPC_Room.BPC_Room_C NativeClass:/Script/Engine.Actor Name:BPC_Room_C_UAID_F02F741C15239B8E02_1768907738 Label:BPC_Room7 SpatiallyLoaded:1 Bounds:IsValid=true, Min=(X=2914.000 Y=4264.000 Z=-32.000), Max=(X=3346.000 Y=4776.000 Z=32.000) RuntimeGrid:None EditorOnly:0 RuntimeOnly:0 HLODRelevant:0
 |   |   |- [+] [ 16]
 |   |   |   |- Guid:4BF4959D4384062DAFCC2495428BDE04 BaseClass: NativeClass:/Script/NavigationSystem.NavMeshBoundsVolume Name:NavMeshBoundsVolume_UAID_F02F741C15239B8E02_1275300731 Label:NavMeshBoundsVolume SpatiallyLoaded:0 Bounds:IsValid=true, Min=(X=465.000 Y=40.000 Z=-100.000), Max=(X=5815.000 Y=5540.000 Z=100.000) RuntimeGrid:None EditorOnly:0 RuntimeOnly:0 HLODRelevant:0
 |   |   |- [+] [ 17]
 |   |   |   |- Guid:3D4970684A40E010726F42990D327661 BaseClass: NativeClass:/Script/Engine.VolumetricCloud Name:VolumetricCloud_0 Label:VolumetricCloud SpatiallyLoaded:0 Bounds:IsValid=true, Min=(X=0.000 Y=0.000 Z=820.000), Max=(X=0.000 Y=0.000 Z=820.000) RuntimeGrid:None EditorOnly:0 RuntimeOnly:0 HLODRelevant:0 FolderPath:Lighting FolderGuid:0BA5F0A04EADB18E70D5B180D08FA34B
 |   |   |- [+] [ 18]
 |   |   |   |- Guid:A797454D4B154E2341B1B0AF4CEAF457 BaseClass:/Game/Blueprints/Room/AI_Room/BPC_Room.BPC_Room_C NativeClass:/Script/Engine.Actor Name:BPC_Room_C_UAID_F02F741C15239B8E02_1757541735 Label:BPC_Room4 SpatiallyLoaded:1 Bounds:IsValid=true, Min=(X=4484.000 Y=4018.000 Z=-32.000), Max=(X=4916.000 Y=4882.000 Z=32.000) RuntimeGrid:None EditorOnly:0 RuntimeOnly:0 HLODRelevant:0
 |   |   |- [+] [ 19]
 |   |   |   |- Guid:2E91AE4044C36109C9A8B1B06368DF2D BaseClass: NativeClass:/Script/Engine.StaticMeshActor Name:StaticMeshActor_UAID_F02F741C15239A8E02_1201799552 Label:Ground_3 SpatiallyLoaded:1 Bounds:IsValid=true, Min=(X=3000.000 Y=3490.000 Z=-50.000), Max=(X=6000.000 Y=6990.000 Z=0.000) RuntimeGrid:None EditorOnly:0 RuntimeOnly:0 HLODRelevant:1 FolderPath:Grounds FolderGuid:6C02BB504B69D1F3D7A624B130C18E5B
 |   |   |- [+] [ 20]
 |   |   |   |- Guid:4794B98E48285AFA0FC64C96BDBFFBD5 BaseClass:/Game/Blueprints/Interaction/BP_TestInteractionActor.BP_TestInteractionActor_C NativeClass:/Script/Engine.Actor Name:BP_TestInteractionActor_C_UAID_F02F741C1523E69902_1742300543 Label:BP_TestInteractionActor SpatiallyLoaded:1 Bounds:IsValid=true, Min=(X=1134.000 Y=1984.000 Z=-56.000), Max=(X=1246.000 Y=2096.000 Z=80.000) RuntimeGrid:None EditorOnly:0 RuntimeOnly:0 HLODRelevant:0
 |   |   |- [+] [ 21]
 |   |   |   |- Guid:F99EE1E5421521875DDA5787362B9D3E BaseClass:/Game/Blueprints/Interaction/BP_TestInteractionActor.BP_TestInteractionActor_C NativeClass:/Script/Engine.Actor Name:BP_TestInteractionActor_C_UAID_F02F741C1523E69902_2036586584 Label:BP_TestInteractionActor2 SpatiallyLoaded:1 Bounds:IsValid=true, Min=(X=1134.000 Y=1754.000 Z=-56.000), Max=(X=1246.000 Y=1866.000 Z=80.000) RuntimeGrid:None EditorOnly:0 RuntimeOnly:0 HLODRelevant:0
 |   |   |- [+] [ 22]
 |   |   |   |- Guid:2B5FEFF84862F812B720A1AD860B4AB2 BaseClass: NativeClass:/Script/Engine.SkyAtmosphere Name:SkyAtmosphere_0 Label:SkyAtmosphere SpatiallyLoaded:0 Bounds:IsValid=true, Min=(X=0.000 Y=0.000 Z=1020.000), Max=(X=0.000 Y=0.000 Z=1020.000) RuntimeGrid:None EditorOnly:0 RuntimeOnly:0 HLODRelevant:0 FolderPath:Lighting FolderGuid:0BA5F0A04EADB18E70D5B180D08FA34B
 |   |   |- [+] [ 23]
 |   |   |   |- Guid:37B690F04FA644DDB68D7E8C6A378C9F BaseClass:/Game/Blueprints/Room/AI_Room/BPC_Room.BPC_Room_C NativeClass:/Script/Engine.Actor Name:BPC_Room_C_UAID_F02F741C15239B8E02_1738341733 Label:BPC_Room2 SpatiallyLoaded:1 Bounds:IsValid=true, Min=(X=3724.000 Y=3128.000 Z=-32.000), Max=(X=4156.000 Y=3992.000 Z=32.000) RuntimeGrid:None EditorOnly:0 RuntimeOnly:0 HLODRelevant:0
 |   |   |- [+] [ 24]
 |   |   |   |- Guid:8DF392F64D0ACB92496EA09501237F0C BaseClass:/Game/Blueprints/Room/AI_Room/BPC_Room.BPC_Room_C NativeClass:/Script/Engine.Actor Name:BPC_Room_C_UAID_F02F741C15239B8E02_1712418732 Label:BPC_Room SpatiallyLoaded:1 Bounds:IsValid=true, Min=(X=3202.000 Y=3128.000 Z=-32.000), Max=(X=3698.000 Y=3992.000 Z=32.000) RuntimeGrid:None EditorOnly:0 RuntimeOnly:0 HLODRelevant:0
 |   |   |- [+] [ 25]
 |   |   |   |- Guid:FC0FF9B243766416463CFB86877E189A BaseClass:/Game/Blueprints/Desks/BPC_Desk1.BPC_Desk1_C NativeClass:/Script/Engine.Actor Name:BPC_Desk1_C_UAID_F02F741C1523E90A02_1723278063 Label:BPC_Desk1 SpatiallyLoaded:1 Bounds:IsValid=true, Min=(X=-82.276 Y=-11.250 Z=-152.000), Max=(X=1536.262 Y=1966.249 Z=170.000) RuntimeGrid:None EditorOnly:0 RuntimeOnly:0 HLODRelevant:1
 |   |   |- [+] [ 26]
 |   |   |   |- Guid:023BA7434030BFBDFFF3538897F18D3F BaseClass: NativeClass:/Script/Engine.StaticMeshActor Name:StaticMeshActor_UAID_F02F741C1523998E02_2122900375 Label:Ground_2 SpatiallyLoaded:1 Bounds:IsValid=true, Min=(X=0.000 Y=3490.000 Z=-50.000), Max=(X=3000.000 Y=6990.000 Z=0.000) RuntimeGrid:None EditorOnly:0 RuntimeOnly:0 HLODRelevant:1 FolderPath:Grounds FolderGuid:6C02BB504B69D1F3D7A624B130C18E5B
 |   |   |- [+] [ 27]
 |   |   |   |- Guid:CAF460894702DF8F63B3AA8B08EFDCEC BaseClass:/Game/Blueprints/Room/AI_Room/BPC_Room.BPC_Room_C NativeClass:/Script/Engine.Actor Name:BPC_Room_C_UAID_F02F741C15239B8E02_1750238734 Label:BPC_Room3 SpatiallyLoaded:1 Bounds:IsValid=true, Min=(X=4354.000 Y=3128.000 Z=-32.000), Max=(X=4786.000 Y=3992.000 Z=32.000) RuntimeGrid:None EditorOnly:0 RuntimeOnly:0 HLODRelevant:0
 |   |   |- [+] [ 28]
 |   |   |   |- Guid:48E639FF45FB756C3F18249496939D78 BaseClass:/Game/AI/BP_Customer.BP_Customer_C NativeClass:/Script/Engine.Pawn Name:BP_Customer_C_UAID_F02F741C15235BA002_1401384475 Label:BP_Customer SpatiallyLoaded:1 Bounds:IsValid=true, Min=(X=1130.000 Y=1410.000 Z=20.000), Max=(X=1230.000 Y=1510.000 Z=120.000) RuntimeGrid:None EditorOnly:0 RuntimeOnly:0 HLODRelevant:0
 |- ContainerInstances:
 |- [+] MainContainer:
 |   |-        ID: 0x0000000000000000
 |   |-    Bounds: IsValid=false, Min=(X=0.000 Y=0.000 Z=0.000), Max=(X=0.000 Y=0.000 Z=0.000)
 |   |- Transform: 0.000000,0.000000,0.000000|0.000000,0.000000,-0.000000|1.000000,1.000000,1.000000
 |   |- Container: /Game/Levels/HotelAlfaMap
----------------------------------------------------------------------------------------------------------------
HotelAlfaMap - Persistent Level
----------------------------------------------------------------------------------------------------------------
Always loaded Actor Count: 273 

----------------------------------------------------------------------------------------------------------------
HotelAlfaMap - Runtime Spatial Hash - Streaming Grid - MainGrid
----------------------------------------------------------------------------------------------------------------
            Origin: X=0.000 Y=0.000 Z=0.000
         Cell Size: 12800
      World Bounds: IsValid=false, Min=(X=0.000 Y=0.000 Z=0.000), Max=(X=0.000 Y=0.000 Z=0.000)
     Loading Range: 25600.00
Block Slow Loading: No
 ClientOnlyVisible: No

[+] Grid Levels: 1
 |- Level  0: Cell Count    0 | Cell Size   12800 | Actor Count    0 (0.0%)

[+] Content of Grid Level 0

